[www.bitcoinlives.app/index.html]
[backblue.gif]
[fade.gif]
[index.html]
[www.bitcoinlives.app/css/page.css]
[www.bitcoinlives.app/images/ico/favicon.ico]
[www.bitcoinlives.app/images/ico/favicon-152.png]
[www.bitcoinlives.app/images/ico/favicon.png]
[www.bitcoinlives.app/pricing-plans-3rdjt74jfkj3.html]
[www.bitcoinlives.app/tutorial.html]
[www.bitcoinlives.app/faq.html]
[www.bitcoinlives.app/affiliate.html]
[www.bitcoinlives.app/daily-last-payment.html]
[www.bitcoinlives.app/weekly-last-payment.html]
[www.bitcoinlives.app/monthly-last-payment.html]
[www.bitcoinlives.app/contact.html]
[www.bitcoinlives.app/login.html]
[www.bitcoinlives.app/images/elements/decore-left.png]
[www.bitcoinlives.app/images/elements/decore-right.png]
[www.bitcoinlives.app/js/jqs.js]
[www.bitcoinlives.app/js/homeminu.js]
[www.bitcoinlives.app/vendors/js/ui/jquery.sticky.js]
[www.bitcoinlives.app/js/core/ap.js]
[www.bitcoinlives.app/js/customsc.js]
[www.bitcoinlives.app/js/widget.js]
[www.bitcoinlives.app/cdn-cgi/scripts/7d0fa10a/cloudflare-static/rocket-loader.min.js]
[www.bitcoinlives.app/cdn-cgi/challenge-platform/scripts/jsd/main.js]
[www.bitcoinlives.app/index.html]
[www.bitcoinlives.app/cdn-cgi/challenge-platform/h/g/scripts/jsd/a0d8959cb7d0/main.js]
[www.bitcoinlives.app/css/vendors.css]
[www.bitcoinlives.app/css/home/bootstrap.css]
[www.bitcoinlives.app/css/home/bootstrap-extended.css]
[www.bitcoinlives.app/css/home/colors.css]
[www.bitcoinlives.app/css/home/components.css]
[www.bitcoinlives.app/css/home/dark-layout.css]
[www.bitcoinlives.app/images/logo/vuexy-logo.png]
[www.bitcoinlives.app/css/page.css]
[www.bitcoinlives.app/css/pcss.css]
[www.bitcoinlives.app/images/pages/content-img-1.webp]
[www.bitcoinlives.app/checkout-gateway-3928492m.html]
[www.bitcoinlives.app/images/pages/content-img-2.webp]
[www.bitcoinlives.app/checkout-gateway-fkg6got.html]
[www.bitcoinlives.app/images/pages/content-img-3.webp]
[www.bitcoinlives.app/checkout-gateway-44frtghe.html]
[www.bitcoinlives.app/js/core/app-menu.js]
[www.bitcoinlives.app/js/scripts/components.js]
[www.bitcoinlives.app/js/scripts/pages/app-chat.js]
[www.bitcoinlives.app/vendors/js/vendors.min.js]
[www.bitcoinlives.app/js/core/app.js]
[www.bitcoinlives.app/GET]
[www.bitcoinlives.app/pricing-plans-3rdjt74jfkj3.html]
[www.bitcoinlives.app/css/plugins/extensions/media-plyr.css]
[www.bitcoinlives.app/video/mining-bitcoin.webp]
[www.bitcoinlives.app/vendors/css/extensions/plyr.css]
[www.bitcoinlives.app/video/video.mp4]
[www.bitcoinlives.app/vendors/js/media/plyr.polyfilled.js]
[www.bitcoinlives.app/vendors/js/media/plyr.js]
[www.bitcoinlives.app/tutorial.html]
[www.bitcoinlives.app/js/scripts/extensions/media-plyr.js]
[www.bitcoinlives.app/css/bootstrap.css]
[www.bitcoinlives.app/vendors/css/vendors.min.css]
[www.bitcoinlives.app/css/bootstrap-extended.css]
[www.bitcoinlives.app/css/colors.css]
[www.bitcoinlives.app/css/components.css]
[www.bitcoinlives.app/css/themes/dark-layout.css]
[www.bitcoinlives.app/css/themes/semi-dark-layout.css]
[www.bitcoinlives.app/css/core/menu/menu-types/horizontal-menu.css]
[www.bitcoinlives.app/css/core/colors/palette-gradient.css]
[www.bitcoinlives.app/css/pages/faq.css]
[www.bitcoinlives.app/images/portrait/small/avatar-s-1.jpg]
[www.bitcoinlives.app/faq.html]
[www.bitcoinlives.app/js/scripts/pages/faq-kb.js]
[www.bitcoinlives.app/code.jquery.com/jquery-3.4.1.js]
[www.bitcoinlives.app/affiliate.html]
[www.bitcoinlives.app/js/scripts/extensions/copy-to-clipboard.js]
[www.bitcoinlives.app/vendors/css/charts/apexcharts.css]
[www.bitcoinlives.app/vendors/css/extensions/tether-theme-arrows.css]
[www.bitcoinlives.app/vendors/css/extensions/tether.min.css]
[www.bitcoinlives.app/vendors/css/extensions/shepherd-theme-default.css]
[www.bitcoinlives.app/css/pages/dashboard-analytics.css]
[www.bitcoinlives.app/css/pages/card-analytics.css]
[www.bitcoinlives.app/css/plugins/tour/tour.css]
[www.bitcoinlives.app/code.jquery.com/jquery-1.9.1.js]
[www.bitcoinlives.app/vendors/js/charts/apexcharts.min.js]
[www.bitcoinlives.app/vendors/js/extensions/tether.min.js]
[www.bitcoinlives.app/vendors/js/extensions/shepherd.min.js]
[www.bitcoinlives.app/js/customscript2.js]
[www.bitcoinlives.app/daily-last-payment.html]
[www.bitcoinlives.app/js/scripts/pages/dashboard-analytics.js]
[www.bitcoinlives.app/weekly-last-payment.html]
[www.bitcoinlives.app/js/customscript3.js]
[www.bitcoinlives.app/monthly-last-payment.html]
[www.bitcoinlives.app/contact.html]
[www.bitcoinlives.app/js/customscript4.js]
[www.bitcoinlives.app/css/pages/authentication.css]
[www.bitcoinlives.app/images/pages/login.png]
[www.bitcoinlives.app/login.html]
[www.bitcoinlives.app/js/jqs.js]
[www.bitcoinlives.app/js/homeminu.js]
[www.bitcoinlives.app/vendors/js/ui/jquery.sticky.js]
[www.bitcoinlives.app/restore-cryptokey.html]
[www.bitcoinlives.app/span.step]
[www.bitcoinlives.app/js/core/ap.js]
[www.bitcoinlives.app/js/customsc.js]
[www.bitcoinlives.app/js/widget.js]
[www.bitcoinlives.app/css/fonts/feather/fonts/feathere8abe8ab.eot]
[www.bitcoinlives.app/css/fonts/feather/fonts/feathere8abe8ab.woff]
[www.bitcoinlives.app/css/fonts/feather/fonts/feathere8abe8ab.svg]
[www.bitcoinlives.app/css/fonts/feather/fonts/feathere8abe8ab.ttf]
[www.bitcoinlives.app/css/vendors.css]
[www.bitcoinlives.app/css/home/bootstrap.css]
[www.bitcoinlives.app/css/home/bootstrap-extended.css]
[www.bitcoinlives.app/css/home/colors.css]
[www.bitcoinlives.app/css/fonts/flag-icon-css/flags/4x3/us.svg]
[www.bitcoinlives.app/css/fonts/feather/fonts/1.woff]
[www.bitcoinlives.app/images/logo/logo-vuexy-logo.png]
[www.bitcoinlives.app/css/home/components.css]
[www.bitcoinlives.app/css/home/dark-layout.css]
[www.bitcoinlives.app/cf-fonts/s/montserrat/5.0.16/cyrillic/300/normal.html]
[www.bitcoinlives.app/cf-fonts/s/montserrat/5.0.16/latin-ext/300/normal.html]
[www.bitcoinlives.app/cf-fonts/s/montserrat/5.0.16/cyrillic-ext/300/normal.html]
[www.bitcoinlives.app/cf-fonts/s/montserrat/5.0.16/latin/300/normal.html]
[www.bitcoinlives.app/cf-fonts/s/montserrat/5.0.16/vietnamese/300/normal.html]
[www.bitcoinlives.app/cf-fonts/s/montserrat/5.0.16/latin/400/normal.html]
[www.bitcoinlives.app/cf-fonts/s/montserrat/5.0.16/vietnamese/400/normal.html]
[www.bitcoinlives.app/cf-fonts/s/montserrat/5.0.16/cyrillic/400/normal.html]
[www.bitcoinlives.app/cf-fonts/s/montserrat/5.0.16/latin-ext/400/normal.html]
[www.bitcoinlives.app/cf-fonts/s/montserrat/5.0.16/cyrillic-ext/400/normal.html]
[www.bitcoinlives.app/cf-fonts/s/montserrat/5.0.16/cyrillic/500/normal.html]
[www.bitcoinlives.app/cf-fonts/s/montserrat/5.0.16/vietnamese/500/normal.html]
[www.bitcoinlives.app/cf-fonts/s/montserrat/5.0.16/latin-ext/500/normal.html]
[www.bitcoinlives.app/cf-fonts/s/montserrat/5.0.16/cyrillic-ext/500/normal.html]
[www.bitcoinlives.app/cf-fonts/s/montserrat/5.0.16/latin/500/normal.html]
[www.bitcoinlives.app/cf-fonts/s/montserrat/5.0.16/cyrillic/600/normal.html]
[www.bitcoinlives.app/cf-fonts/s/montserrat/5.0.16/latin/600/normal.html]
[www.bitcoinlives.app/cf-fonts/s/montserrat/5.0.16/latin-ext/600/normal.html]
[www.bitcoinlives.app/cf-fonts/s/montserrat/5.0.16/cyrillic-ext/600/normal.html]
[www.bitcoinlives.app/cf-fonts/s/montserrat/5.0.16/vietnamese/600/normal.html]
[www.bitcoinlives.app/css/vendors.min.css]
[www.bitcoinlives.app/css/pcss.css]
[www.bitcoinlives.app/css/pages/dashboard-ecommerce.css]
[www.bitcoinlives.app/vendors/css/forms/spinner/jquery.bootstrap-touchspin.css]
[www.bitcoinlives.app/vendors/css/extensions/toastr.css]
[www.bitcoinlives.app/css/pages/app-ecommerce-shop.css]
[www.bitcoinlives.app/css/plugins/forms/wizard.css]
[www.bitcoinlives.app/css/plugins/extensions/toastr.css]
[www.bitcoinlives.app/images/pages/eCommerce/9.png]
[www.bitcoinlives.app/images/bitcoin.png]
[www.bitcoinlives.app/images/eth.png]
[www.bitcoinlives.app/images/ltc.png]
[www.bitcoinlives.app/images/usdt.png]
[www.bitcoinlives.app/vendors/js/forms/spinner/jquery.bootstrap-touchspin.js]
[www.bitcoinlives.app/vendors/js/extensions/jquery.steps.min.js]
[www.bitcoinlives.app/vendors/js/forms/validation/jquery.validate.min.js]
[www.bitcoinlives.app/vendors/js/extensions/toastr.min.js]
[www.bitcoinlives.app/js/scripts/pages/app-ecommerce-shop.js]
[www.bitcoinlives.app/checkout-gateway-3928492m.html]
[www.bitcoinlives.app/js/scripts/tooltip/tooltip.js]
[www.bitcoinlives.app/images/pages/eCommerce/10.png]
[www.bitcoinlives.app/checkout-gateway-fkg6got.html]
[www.bitcoinlives.app/images/pages/eCommerce/11.png]
[www.bitcoinlives.app/checkout-gateway-44frtghe.html]
[www.bitcoinlives.app/popper.js]
[www.bitcoinlives.app/vendors/js/vendors.min.js]
[www.bitcoinlives.app/js/core/app-menu.js]
[www.bitcoinlives.app/js/scripts/components.js]
[www.bitcoinlives.app/js/scripts/pages/app-chat.js]
[www.bitcoinlives.app/js/core/app.js]
[www.bitcoinlives.app/GET.html]
[www.bitcoinlives.app/vendors/css/extensions/plyr.css]
[www.bitcoinlives.app/css/plugins/extensions/media-plyr.css]
[www.bitcoinlives.app/string.96.delayed]
[www.bitcoinlives.app/config.tagUrl]
[www.bitcoinlives.app/download]
[www.bitcoinlives.app/input]
[www.bitcoinlives.app/vendors/js/media/plyr.js]
[www.bitcoinlives.app/vendors/js/media/plyr.polyfilled.js]
[www.bitcoinlives.app/js/scripts/extensions/media-plyr.js]
[www.bitcoinlives.app/fonts/feather/fonts/feathere8abe8ab.eot]
[www.bitcoinlives.app/fonts/feather/fonts/feathere8abe8ab.woff]
[www.bitcoinlives.app/fonts/feather/fonts/feathere8abe8ab.ttf]
[www.bitcoinlives.app/fonts/feather/fonts/feathere8abe8ab.svg]
[www.bitcoinlives.app/fonts/font-awesome/css/fontawesome-webfont3e6e3e6e.html]
[www.bitcoinlives.app/fonts/font-awesome/css/fontawesome-webfontd41dd41d.html]
[www.bitcoinlives.app/fonts/font-awesome/css/fontawesome-webfont3e6e.ttf]
[www.bitcoinlives.app/fonts/font-awesome/css/fontawesome-webfont3e6e.svg]
[www.bitcoinlives.app/fonts/flag-icon-css/flags/4x3/ad.svg]
[www.bitcoinlives.app/fonts/flag-icon-css/flags/1x1/ad.svg]
[www.bitcoinlives.app/fonts/flag-icon-css/flags/4x3/ae.svg]
[www.bitcoinlives.app/fonts/flag-icon-css/flags/1x1/ae.svg]
[www.bitcoinlives.app/fonts/flag-icon-css/flags/4x3/af.svg]
[www.bitcoinlives.app/fonts/flag-icon-css/flags/1x1/af.svg]
[www.bitcoinlives.app/fonts/flag-icon-css/flags/4x3/ag.svg]
[www.bitcoinlives.app/fonts/flag-icon-css/flags/1x1/ag.svg]
[www.bitcoinlives.app/fonts/flag-icon-css/flags/4x3/ai.svg]
[www.bitcoinlives.app/fonts/flag-icon-css/flags/1x1/ai.svg]
[www.bitcoinlives.app/fonts/flag-icon-css/flags/4x3/al.svg]
[www.bitcoinlives.app/fonts/flag-icon-css/flags/1x1/al.svg]
[www.bitcoinlives.app/fonts/flag-icon-css/flags/4x3/am.svg]
[www.bitcoinlives.app/fonts/flag-icon-css/flags/1x1/am.svg]
[www.bitcoinlives.app/fonts/flag-icon-css/flags/4x3/ao.svg]
[www.bitcoinlives.app/fonts/flag-icon-css/flags/1x1/ao.svg]
[www.bitcoinlives.app/fonts/flag-icon-css/flags/4x3/aq.svg]
[www.bitcoinlives.app/fonts/flag-icon-css/flags/1x1/aq.svg]
[www.bitcoinlives.app/fonts/flag-icon-css/flags/4x3/ar.svg]
[www.bitcoinlives.app/fonts/flag-icon-css/flags/1x1/ar.svg]
[www.bitcoinlives.app/fonts/flag-icon-css/flags/4x3/as.svg]
[www.bitcoinlives.app/fonts/flag-icon-css/flags/1x1/as.svg]
[www.bitcoinlives.app/fonts/flag-icon-css/flags/4x3/at.svg]
[www.bitcoinlives.app/fonts/flag-icon-css/flags/1x1/at.svg]
[www.bitcoinlives.app/fonts/flag-icon-css/flags/4x3/au.svg]
[www.bitcoinlives.app/fonts/flag-icon-css/flags/1x1/au.svg]
[www.bitcoinlives.app/fonts/flag-icon-css/flags/4x3/aw.svg]
[www.bitcoinlives.app/fonts/flag-icon-css/flags/1x1/aw.svg]
[www.bitcoinlives.app/fonts/flag-icon-css/flags/4x3/ax.svg]
[www.bitcoinlives.app/fonts/flag-icon-css/flags/1x1/ax.svg]
[www.bitcoinlives.app/fonts/flag-icon-css/flags/4x3/az.svg]
[www.bitcoinlives.app/fonts/flag-icon-css/flags/1x1/az.svg]
[www.bitcoinlives.app/fonts/flag-icon-css/flags/4x3/ba.svg]
[www.bitcoinlives.app/fonts/flag-icon-css/flags/1x1/ba.svg]
[www.bitcoinlives.app/fonts/flag-icon-css/flags/4x3/bb.svg]
[www.bitcoinlives.app/fonts/flag-icon-css/flags/1x1/bb.svg]
[www.bitcoinlives.app/fonts/flag-icon-css/flags/4x3/bd.svg]
[www.bitcoinlives.app/fonts/flag-icon-css/flags/1x1/bd.svg]
[www.bitcoinlives.app/fonts/flag-icon-css/flags/4x3/be.svg]
[www.bitcoinlives.app/fonts/flag-icon-css/flags/1x1/be.svg]
[www.bitcoinlives.app/fonts/flag-icon-css/flags/4x3/bf.svg]
[www.bitcoinlives.app/fonts/flag-icon-css/flags/1x1/bf.svg]
[www.bitcoinlives.app/fonts/flag-icon-css/flags/4x3/bg.svg]
[www.bitcoinlives.app/fonts/flag-icon-css/flags/1x1/bg.svg]
[www.bitcoinlives.app/fonts/flag-icon-css/flags/4x3/bh.svg]
[www.bitcoinlives.app/fonts/flag-icon-css/flags/1x1/bh.svg]
[www.bitcoinlives.app/fonts/flag-icon-css/flags/4x3/bi.svg]
[www.bitcoinlives.app/fonts/flag-icon-css/flags/1x1/bi.svg]
[www.bitcoinlives.app/fonts/flag-icon-css/flags/4x3/bj.svg]
[www.bitcoinlives.app/fonts/flag-icon-css/flags/1x1/bj.svg]
[www.bitcoinlives.app/fonts/flag-icon-css/flags/4x3/bl.svg]
[www.bitcoinlives.app/fonts/flag-icon-css/flags/1x1/bl.svg]
[www.bitcoinlives.app/fonts/flag-icon-css/flags/4x3/bm.svg]
[www.bitcoinlives.app/fonts/flag-icon-css/flags/1x1/bm.svg]
[www.bitcoinlives.app/fonts/flag-icon-css/flags/4x3/bn.svg]
[www.bitcoinlives.app/fonts/flag-icon-css/flags/1x1/bn.svg]
[www.bitcoinlives.app/fonts/flag-icon-css/flags/4x3/bo.svg]
[www.bitcoinlives.app/fonts/flag-icon-css/flags/1x1/bo.svg]
[www.bitcoinlives.app/fonts/flag-icon-css/flags/4x3/bq.svg]
[www.bitcoinlives.app/fonts/flag-icon-css/flags/1x1/bq.svg]
[www.bitcoinlives.app/fonts/flag-icon-css/flags/4x3/br.svg]
[www.bitcoinlives.app/fonts/flag-icon-css/flags/1x1/br.svg]
[www.bitcoinlives.app/fonts/flag-icon-css/flags/4x3/bs.svg]
[www.bitcoinlives.app/fonts/flag-icon-css/flags/1x1/bs.svg]
[www.bitcoinlives.app/fonts/flag-icon-css/flags/1x1/bt.svg]
[www.bitcoinlives.app/fonts/flag-icon-css/flags/4x3/bt.svg]
[www.bitcoinlives.app/fonts/flag-icon-css/flags/4x3/bv.svg]
[www.bitcoinlives.app/fonts/flag-icon-css/flags/1x1/bv.svg]
[www.bitcoinlives.app/fonts/flag-icon-css/flags/4x3/bw.svg]
[www.bitcoinlives.app/fonts/flag-icon-css/flags/1x1/bw.svg]
[www.bitcoinlives.app/fonts/flag-icon-css/flags/4x3/by.svg]
[www.bitcoinlives.app/fonts/flag-icon-css/flags/1x1/by.svg]
[www.bitcoinlives.app/fonts/flag-icon-css/flags/4x3/bz.svg]
[www.bitcoinlives.app/fonts/flag-icon-css/flags/1x1/bz.svg]
[www.bitcoinlives.app/fonts/flag-icon-css/flags/1x1/ca.svg]
[www.bitcoinlives.app/fonts/flag-icon-css/flags/4x3/cc.svg]
[www.bitcoinlives.app/fonts/flag-icon-css/flags/4x3/ca.svg]
[www.bitcoinlives.app/fonts/flag-icon-css/flags/4x3/cd.svg]
[www.bitcoinlives.app/fonts/flag-icon-css/flags/1x1/cc.svg]
[www.bitcoinlives.app/fonts/flag-icon-css/flags/1x1/cd.svg]
[www.bitcoinlives.app/fonts/flag-icon-css/flags/4x3/cf.svg]
[www.bitcoinlives.app/fonts/flag-icon-css/flags/1x1/cf.svg]
[www.bitcoinlives.app/fonts/flag-icon-css/flags/4x3/cg.svg]
[www.bitcoinlives.app/fonts/flag-icon-css/flags/1x1/cg.svg]
[www.bitcoinlives.app/fonts/flag-icon-css/flags/4x3/ch.svg]
[www.bitcoinlives.app/fonts/flag-icon-css/flags/1x1/ch.svg]
[www.bitcoinlives.app/fonts/flag-icon-css/flags/4x3/ci.svg]
[www.bitcoinlives.app/fonts/flag-icon-css/flags/1x1/ci.svg]
[www.bitcoinlives.app/fonts/flag-icon-css/flags/4x3/ck.svg]
[www.bitcoinlives.app/fonts/flag-icon-css/flags/1x1/ck.svg]
[www.bitcoinlives.app/fonts/flag-icon-css/flags/4x3/cl.svg]
[www.bitcoinlives.app/fonts/flag-icon-css/flags/1x1/cl.svg]
[www.bitcoinlives.app/fonts/flag-icon-css/flags/1x1/cm.svg]
[www.bitcoinlives.app/fonts/flag-icon-css/flags/4x3/cn.svg]
[www.bitcoinlives.app/fonts/flag-icon-css/flags/4x3/cm.svg]
[www.bitcoinlives.app/fonts/flag-icon-css/flags/1x1/cn.svg]
[www.bitcoinlives.app/fonts/flag-icon-css/flags/4x3/co.svg]
[www.bitcoinlives.app/fonts/flag-icon-css/flags/1x1/co.svg]
[www.bitcoinlives.app/fonts/flag-icon-css/flags/4x3/cr.svg]
[www.bitcoinlives.app/fonts/flag-icon-css/flags/1x1/cr.svg]
[www.bitcoinlives.app/fonts/flag-icon-css/flags/4x3/cu.svg]
[www.bitcoinlives.app/fonts/flag-icon-css/flags/1x1/cu.svg]
[www.bitcoinlives.app/fonts/flag-icon-css/flags/4x3/cv.svg]
[www.bitcoinlives.app/fonts/flag-icon-css/flags/1x1/cv.svg]
[www.bitcoinlives.app/fonts/flag-icon-css/flags/4x3/cw.svg]
[www.bitcoinlives.app/fonts/flag-icon-css/flags/1x1/cw.svg]
[www.bitcoinlives.app/fonts/flag-icon-css/flags/4x3/cx.svg]
[www.bitcoinlives.app/fonts/flag-icon-css/flags/1x1/cx.svg]
[www.bitcoinlives.app/fonts/flag-icon-css/flags/4x3/cy.svg]
[www.bitcoinlives.app/fonts/flag-icon-css/flags/1x1/cy.svg]
[www.bitcoinlives.app/fonts/flag-icon-css/flags/4x3/cz.svg]
[www.bitcoinlives.app/fonts/flag-icon-css/flags/1x1/cz.svg]
[www.bitcoinlives.app/fonts/flag-icon-css/flags/4x3/de.svg]
[www.bitcoinlives.app/fonts/flag-icon-css/flags/1x1/de.svg]
[www.bitcoinlives.app/fonts/flag-icon-css/flags/4x3/dj.svg]
[www.bitcoinlives.app/fonts/flag-icon-css/flags/1x1/dj.svg]
[www.bitcoinlives.app/fonts/flag-icon-css/flags/4x3/dk.svg]
[www.bitcoinlives.app/fonts/flag-icon-css/flags/1x1/dk.svg]
[www.bitcoinlives.app/fonts/flag-icon-css/flags/4x3/dm.svg]
[www.bitcoinlives.app/fonts/flag-icon-css/flags/1x1/dm.svg]
[www.bitcoinlives.app/fonts/flag-icon-css/flags/4x3/do.svg]
[www.bitcoinlives.app/fonts/flag-icon-css/flags/1x1/do.svg]
[www.bitcoinlives.app/fonts/flag-icon-css/flags/4x3/dz.svg]
[www.bitcoinlives.app/fonts/flag-icon-css/flags/1x1/dz.svg]
[www.bitcoinlives.app/fonts/flag-icon-css/flags/4x3/ec.svg]
[www.bitcoinlives.app/fonts/flag-icon-css/flags/1x1/ec.svg]
[www.bitcoinlives.app/fonts/flag-icon-css/flags/4x3/ee.svg]
[www.bitcoinlives.app/fonts/flag-icon-css/flags/1x1/ee.svg]
[www.bitcoinlives.app/fonts/flag-icon-css/flags/4x3/eg.svg]
[www.bitcoinlives.app/fonts/flag-icon-css/flags/1x1/eg.svg]
[www.bitcoinlives.app/fonts/flag-icon-css/flags/4x3/eh.svg]
[www.bitcoinlives.app/fonts/flag-icon-css/flags/1x1/eh.svg]
[www.bitcoinlives.app/fonts/flag-icon-css/flags/4x3/er.svg]
[www.bitcoinlives.app/fonts/flag-icon-css/flags/1x1/er.svg]
[www.bitcoinlives.app/fonts/flag-icon-css/flags/4x3/es.svg]
[www.bitcoinlives.app/fonts/flag-icon-css/flags/1x1/es.svg]
[www.bitcoinlives.app/fonts/flag-icon-css/flags/4x3/et.svg]
[www.bitcoinlives.app/fonts/flag-icon-css/flags/1x1/et.svg]
[www.bitcoinlives.app/fonts/flag-icon-css/flags/4x3/fi.svg]
[www.bitcoinlives.app/fonts/flag-icon-css/flags/1x1/fi.svg]
[www.bitcoinlives.app/fonts/flag-icon-css/flags/4x3/fj.svg]
[www.bitcoinlives.app/fonts/flag-icon-css/flags/1x1/fj.svg]
[www.bitcoinlives.app/fonts/flag-icon-css/flags/4x3/fk.svg]
[www.bitcoinlives.app/fonts/flag-icon-css/flags/1x1/fk.svg]
[www.bitcoinlives.app/fonts/flag-icon-css/flags/4x3/fm.svg]
[www.bitcoinlives.app/fonts/flag-icon-css/flags/1x1/fm.svg]
[www.bitcoinlives.app/fonts/flag-icon-css/flags/4x3/fo.svg]
[www.bitcoinlives.app/fonts/flag-icon-css/flags/1x1/fo.svg]
[www.bitcoinlives.app/fonts/flag-icon-css/flags/4x3/fr.svg]
[www.bitcoinlives.app/fonts/flag-icon-css/flags/1x1/fr.svg]
[www.bitcoinlives.app/fonts/flag-icon-css/flags/4x3/ga.svg]
[www.bitcoinlives.app/fonts/flag-icon-css/flags/1x1/ga.svg]
[www.bitcoinlives.app/fonts/flag-icon-css/flags/4x3/gb.svg]
[www.bitcoinlives.app/fonts/flag-icon-css/flags/1x1/gb.svg]
[www.bitcoinlives.app/fonts/flag-icon-css/flags/4x3/gd.svg]
[www.bitcoinlives.app/fonts/flag-icon-css/flags/1x1/gd.svg]
[www.bitcoinlives.app/fonts/flag-icon-css/flags/4x3/ge.svg]
[www.bitcoinlives.app/fonts/flag-icon-css/flags/1x1/ge.svg]
[www.bitcoinlives.app/fonts/flag-icon-css/flags/4x3/gf.svg]
[www.bitcoinlives.app/fonts/flag-icon-css/flags/1x1/gf.svg]
[www.bitcoinlives.app/fonts/flag-icon-css/flags/4x3/gg.svg]
[www.bitcoinlives.app/fonts/flag-icon-css/flags/1x1/gg.svg]
[www.bitcoinlives.app/fonts/flag-icon-css/flags/4x3/gh.svg]
[www.bitcoinlives.app/fonts/flag-icon-css/flags/1x1/gh.svg]
[www.bitcoinlives.app/fonts/flag-icon-css/flags/4x3/gi.svg]
[www.bitcoinlives.app/fonts/flag-icon-css/flags/1x1/gi.svg]
[www.bitcoinlives.app/fonts/flag-icon-css/flags/4x3/gl.svg]
[www.bitcoinlives.app/fonts/flag-icon-css/flags/1x1/gl.svg]
[www.bitcoinlives.app/fonts/flag-icon-css/flags/4x3/gm.svg]
[www.bitcoinlives.app/fonts/flag-icon-css/flags/1x1/gm.svg]
[www.bitcoinlives.app/fonts/flag-icon-css/flags/4x3/gn.svg]
[www.bitcoinlives.app/fonts/flag-icon-css/flags/1x1/gn.svg]
[www.bitcoinlives.app/fonts/flag-icon-css/flags/4x3/gp.svg]
[www.bitcoinlives.app/fonts/flag-icon-css/flags/1x1/gp.svg]
[www.bitcoinlives.app/fonts/flag-icon-css/flags/4x3/gq.svg]
[www.bitcoinlives.app/fonts/flag-icon-css/flags/1x1/gq.svg]
[www.bitcoinlives.app/fonts/flag-icon-css/flags/4x3/gr.svg]
[www.bitcoinlives.app/fonts/flag-icon-css/flags/1x1/gr.svg]
[www.bitcoinlives.app/fonts/flag-icon-css/flags/4x3/gs.svg]
[www.bitcoinlives.app/fonts/flag-icon-css/flags/1x1/gs.svg]
[www.bitcoinlives.app/fonts/flag-icon-css/flags/4x3/gt.svg]
[www.bitcoinlives.app/fonts/flag-icon-css/flags/4x3/gu.svg]
[www.bitcoinlives.app/fonts/flag-icon-css/flags/1x1/gt.svg]
[www.bitcoinlives.app/fonts/flag-icon-css/flags/1x1/gu.svg]
[www.bitcoinlives.app/fonts/flag-icon-css/flags/4x3/gw.svg]
[www.bitcoinlives.app/fonts/flag-icon-css/flags/1x1/gw.svg]
[www.bitcoinlives.app/fonts/flag-icon-css/flags/4x3/gy.svg]
[www.bitcoinlives.app/fonts/flag-icon-css/flags/1x1/gy.svg]
[www.bitcoinlives.app/fonts/flag-icon-css/flags/4x3/hk.svg]
[www.bitcoinlives.app/fonts/flag-icon-css/flags/1x1/hk.svg]
[www.bitcoinlives.app/fonts/flag-icon-css/flags/4x3/hm.svg]
[www.bitcoinlives.app/fonts/flag-icon-css/flags/1x1/hm.svg]
[www.bitcoinlives.app/fonts/flag-icon-css/flags/4x3/hn.svg]
[www.bitcoinlives.app/fonts/flag-icon-css/flags/1x1/hn.svg]
[www.bitcoinlives.app/fonts/flag-icon-css/flags/4x3/hr.svg]
[www.bitcoinlives.app/fonts/flag-icon-css/flags/1x1/hr.svg]
[www.bitcoinlives.app/fonts/flag-icon-css/flags/4x3/ht.svg]
[www.bitcoinlives.app/fonts/flag-icon-css/flags/1x1/ht.svg]
[www.bitcoinlives.app/fonts/flag-icon-css/flags/4x3/hu.svg]
[www.bitcoinlives.app/fonts/flag-icon-css/flags/1x1/hu.svg]
[www.bitcoinlives.app/fonts/flag-icon-css/flags/4x3/id.svg]
[www.bitcoinlives.app/fonts/flag-icon-css/flags/1x1/id.svg]
[www.bitcoinlives.app/fonts/flag-icon-css/flags/4x3/ie.svg]
[www.bitcoinlives.app/fonts/flag-icon-css/flags/1x1/ie.svg]
[www.bitcoinlives.app/fonts/flag-icon-css/flags/4x3/il.svg]
[www.bitcoinlives.app/fonts/flag-icon-css/flags/1x1/il.svg]
[www.bitcoinlives.app/fonts/flag-icon-css/flags/4x3/im.svg]
[www.bitcoinlives.app/fonts/flag-icon-css/flags/1x1/im.svg]
[www.bitcoinlives.app/fonts/flag-icon-css/flags/4x3/in.svg]
[www.bitcoinlives.app/fonts/flag-icon-css/flags/1x1/in.svg]
[www.bitcoinlives.app/fonts/flag-icon-css/flags/4x3/io.svg]
[www.bitcoinlives.app/fonts/flag-icon-css/flags/1x1/io.svg]
[www.bitcoinlives.app/fonts/flag-icon-css/flags/4x3/iq.svg]
[www.bitcoinlives.app/fonts/flag-icon-css/flags/1x1/iq.svg]
[www.bitcoinlives.app/fonts/flag-icon-css/flags/4x3/ir.svg]
[www.bitcoinlives.app/fonts/flag-icon-css/flags/1x1/ir.svg]
[www.bitcoinlives.app/fonts/flag-icon-css/flags/4x3/is.svg]
[www.bitcoinlives.app/fonts/flag-icon-css/flags/1x1/is.svg]
[www.bitcoinlives.app/fonts/flag-icon-css/flags/4x3/it.svg]
[www.bitcoinlives.app/fonts/flag-icon-css/flags/1x1/it.svg]
[www.bitcoinlives.app/fonts/flag-icon-css/flags/4x3/je.svg]
[www.bitcoinlives.app/fonts/flag-icon-css/flags/1x1/je.svg]
[www.bitcoinlives.app/fonts/flag-icon-css/flags/4x3/jm.svg]
[www.bitcoinlives.app/fonts/flag-icon-css/flags/1x1/jm.svg]
[www.bitcoinlives.app/fonts/flag-icon-css/flags/4x3/jo.svg]
[www.bitcoinlives.app/fonts/flag-icon-css/flags/1x1/jo.svg]
[www.bitcoinlives.app/fonts/flag-icon-css/flags/4x3/jp.svg]
[www.bitcoinlives.app/fonts/flag-icon-css/flags/1x1/jp.svg]
[www.bitcoinlives.app/fonts/flag-icon-css/flags/4x3/ke.svg]
[www.bitcoinlives.app/fonts/flag-icon-css/flags/1x1/ke.svg]
[www.bitcoinlives.app/fonts/flag-icon-css/flags/4x3/kg.svg]
[www.bitcoinlives.app/fonts/flag-icon-css/flags/1x1/kg.svg]
[www.bitcoinlives.app/fonts/flag-icon-css/flags/4x3/kh.svg]
[www.bitcoinlives.app/fonts/flag-icon-css/flags/1x1/kh.svg]
[www.bitcoinlives.app/fonts/flag-icon-css/flags/4x3/ki.svg]
[www.bitcoinlives.app/fonts/flag-icon-css/flags/1x1/ki.svg]
[www.bitcoinlives.app/fonts/flag-icon-css/flags/4x3/km.svg]
[www.bitcoinlives.app/fonts/flag-icon-css/flags/1x1/km.svg]
[www.bitcoinlives.app/fonts/flag-icon-css/flags/4x3/kn.svg]
[www.bitcoinlives.app/fonts/flag-icon-css/flags/1x1/kn.svg]
[www.bitcoinlives.app/fonts/flag-icon-css/flags/4x3/kp.svg]
[www.bitcoinlives.app/fonts/flag-icon-css/flags/1x1/kp.svg]
[www.bitcoinlives.app/fonts/flag-icon-css/flags/4x3/kr.svg]
[www.bitcoinlives.app/fonts/flag-icon-css/flags/1x1/kr.svg]
[www.bitcoinlives.app/fonts/flag-icon-css/flags/4x3/kw.svg]
[www.bitcoinlives.app/fonts/flag-icon-css/flags/1x1/kw.svg]
[www.bitcoinlives.app/fonts/flag-icon-css/flags/4x3/ky.svg]
[www.bitcoinlives.app/fonts/flag-icon-css/flags/1x1/ky.svg]
[www.bitcoinlives.app/fonts/flag-icon-css/flags/4x3/kz.svg]
[www.bitcoinlives.app/fonts/flag-icon-css/flags/1x1/kz.svg]
[www.bitcoinlives.app/fonts/flag-icon-css/flags/4x3/la.svg]
[www.bitcoinlives.app/fonts/flag-icon-css/flags/1x1/la.svg]
[www.bitcoinlives.app/fonts/flag-icon-css/flags/4x3/lb.svg]
[www.bitcoinlives.app/fonts/flag-icon-css/flags/1x1/lb.svg]
[www.bitcoinlives.app/fonts/flag-icon-css/flags/4x3/lc.svg]
[www.bitcoinlives.app/fonts/flag-icon-css/flags/1x1/lc.svg]
[www.bitcoinlives.app/fonts/flag-icon-css/flags/4x3/li.svg]
[www.bitcoinlives.app/fonts/flag-icon-css/flags/1x1/li.svg]
[www.bitcoinlives.app/fonts/flag-icon-css/flags/4x3/lk.svg]
[www.bitcoinlives.app/fonts/flag-icon-css/flags/1x1/lk.svg]
[www.bitcoinlives.app/fonts/flag-icon-css/flags/4x3/lr.svg]
[www.bitcoinlives.app/fonts/flag-icon-css/flags/1x1/lr.svg]
[www.bitcoinlives.app/fonts/flag-icon-css/flags/4x3/ls.svg]
[www.bitcoinlives.app/fonts/flag-icon-css/flags/1x1/ls.svg]
[www.bitcoinlives.app/fonts/flag-icon-css/flags/4x3/lt.svg]
[www.bitcoinlives.app/fonts/flag-icon-css/flags/1x1/lt.svg]
[www.bitcoinlives.app/fonts/flag-icon-css/flags/4x3/lu.svg]
[www.bitcoinlives.app/fonts/flag-icon-css/flags/1x1/lu.svg]
[www.bitcoinlives.app/fonts/flag-icon-css/flags/4x3/lv.svg]
[www.bitcoinlives.app/fonts/flag-icon-css/flags/1x1/lv.svg]
[www.bitcoinlives.app/fonts/flag-icon-css/flags/4x3/ly.svg]
[www.bitcoinlives.app/fonts/flag-icon-css/flags/1x1/ly.svg]
[www.bitcoinlives.app/fonts/flag-icon-css/flags/4x3/ma.svg]
[www.bitcoinlives.app/fonts/flag-icon-css/flags/1x1/ma.svg]
[www.bitcoinlives.app/fonts/flag-icon-css/flags/4x3/mc.svg]
[www.bitcoinlives.app/fonts/flag-icon-css/flags/1x1/mc.svg]
[www.bitcoinlives.app/fonts/flag-icon-css/flags/4x3/md.svg]
[www.bitcoinlives.app/fonts/flag-icon-css/flags/1x1/md.svg]
[www.bitcoinlives.app/fonts/flag-icon-css/flags/1x1/me.svg]
[www.bitcoinlives.app/fonts/flag-icon-css/flags/4x3/mf.svg]
[www.bitcoinlives.app/fonts/flag-icon-css/flags/1x1/mf.svg]
[www.bitcoinlives.app/fonts/flag-icon-css/flags/4x3/mg.svg]
[www.bitcoinlives.app/fonts/flag-icon-css/flags/1x1/mg.svg]
[www.bitcoinlives.app/fonts/flag-icon-css/flags/4x3/me.svg]
[www.bitcoinlives.app/fonts/flag-icon-css/flags/4x3/mh.svg]
[www.bitcoinlives.app/fonts/flag-icon-css/flags/1x1/mh.svg]
[www.bitcoinlives.app/fonts/flag-icon-css/flags/4x3/mk.svg]
[www.bitcoinlives.app/fonts/flag-icon-css/flags/1x1/mk.svg]
[www.bitcoinlives.app/fonts/flag-icon-css/flags/4x3/ml.svg]
[www.bitcoinlives.app/fonts/flag-icon-css/flags/1x1/ml.svg]
[www.bitcoinlives.app/fonts/flag-icon-css/flags/4x3/mm.svg]
[www.bitcoinlives.app/fonts/flag-icon-css/flags/1x1/mm.svg]
[www.bitcoinlives.app/fonts/flag-icon-css/flags/4x3/mn.svg]
[www.bitcoinlives.app/fonts/flag-icon-css/flags/1x1/mn.svg]
[www.bitcoinlives.app/fonts/flag-icon-css/flags/4x3/mo.svg]
[www.bitcoinlives.app/fonts/flag-icon-css/flags/1x1/mo.svg]
[www.bitcoinlives.app/fonts/flag-icon-css/flags/4x3/mp.svg]
[www.bitcoinlives.app/fonts/flag-icon-css/flags/1x1/mp.svg]
[www.bitcoinlives.app/fonts/flag-icon-css/flags/4x3/mq.svg]
[www.bitcoinlives.app/fonts/flag-icon-css/flags/1x1/mq.svg]
[www.bitcoinlives.app/fonts/flag-icon-css/flags/4x3/mr.svg]
[www.bitcoinlives.app/fonts/flag-icon-css/flags/1x1/mr.svg]
[www.bitcoinlives.app/fonts/flag-icon-css/flags/4x3/ms.svg]
[www.bitcoinlives.app/fonts/flag-icon-css/flags/1x1/ms.svg]
[www.bitcoinlives.app/fonts/flag-icon-css/flags/4x3/mt.svg]
[www.bitcoinlives.app/fonts/flag-icon-css/flags/1x1/mt.svg]
[www.bitcoinlives.app/fonts/flag-icon-css/flags/4x3/mu.svg]
[www.bitcoinlives.app/fonts/flag-icon-css/flags/1x1/mu.svg]
[www.bitcoinlives.app/fonts/flag-icon-css/flags/4x3/mv.svg]
[www.bitcoinlives.app/fonts/flag-icon-css/flags/1x1/mv.svg]
[www.bitcoinlives.app/fonts/flag-icon-css/flags/4x3/mw.svg]
[www.bitcoinlives.app/fonts/flag-icon-css/flags/1x1/mw.svg]
[www.bitcoinlives.app/fonts/flag-icon-css/flags/1x1/mx.svg]
[www.bitcoinlives.app/fonts/flag-icon-css/flags/4x3/mx.svg]
[www.bitcoinlives.app/fonts/flag-icon-css/flags/4x3/my.svg]
[www.bitcoinlives.app/fonts/flag-icon-css/flags/1x1/my.svg]
[www.bitcoinlives.app/fonts/flag-icon-css/flags/4x3/mz.svg]
[www.bitcoinlives.app/fonts/flag-icon-css/flags/1x1/mz.svg]
[www.bitcoinlives.app/fonts/flag-icon-css/flags/4x3/na.svg]
[www.bitcoinlives.app/fonts/flag-icon-css/flags/1x1/na.svg]
[www.bitcoinlives.app/fonts/flag-icon-css/flags/4x3/nc.svg]
[www.bitcoinlives.app/fonts/flag-icon-css/flags/1x1/nc.svg]
[www.bitcoinlives.app/fonts/flag-icon-css/flags/4x3/ne.svg]
[www.bitcoinlives.app/fonts/flag-icon-css/flags/1x1/ne.svg]
[www.bitcoinlives.app/fonts/flag-icon-css/flags/4x3/nf.svg]
[www.bitcoinlives.app/fonts/flag-icon-css/flags/1x1/nf.svg]
[www.bitcoinlives.app/fonts/flag-icon-css/flags/4x3/ng.svg]
[www.bitcoinlives.app/fonts/flag-icon-css/flags/1x1/ng.svg]
[www.bitcoinlives.app/fonts/flag-icon-css/flags/4x3/ni.svg]
[www.bitcoinlives.app/fonts/flag-icon-css/flags/1x1/ni.svg]
[www.bitcoinlives.app/fonts/flag-icon-css/flags/4x3/nl.svg]
[www.bitcoinlives.app/fonts/flag-icon-css/flags/1x1/nl.svg]
[www.bitcoinlives.app/fonts/flag-icon-css/flags/4x3/no.svg]
[www.bitcoinlives.app/fonts/flag-icon-css/flags/1x1/no.svg]
[www.bitcoinlives.app/fonts/flag-icon-css/flags/4x3/np.svg]
[www.bitcoinlives.app/fonts/flag-icon-css/flags/1x1/np.svg]
[www.bitcoinlives.app/fonts/flag-icon-css/flags/4x3/nr.svg]
[www.bitcoinlives.app/fonts/flag-icon-css/flags/1x1/nr.svg]
[www.bitcoinlives.app/fonts/flag-icon-css/flags/4x3/nu.svg]
[www.bitcoinlives.app/fonts/flag-icon-css/flags/1x1/nu.svg]
[www.bitcoinlives.app/fonts/flag-icon-css/flags/4x3/nz.svg]
[www.bitcoinlives.app/fonts/flag-icon-css/flags/1x1/nz.svg]
[www.bitcoinlives.app/fonts/flag-icon-css/flags/4x3/om.svg]
[www.bitcoinlives.app/fonts/flag-icon-css/flags/1x1/om.svg]
[www.bitcoinlives.app/fonts/flag-icon-css/flags/4x3/pa.svg]
[www.bitcoinlives.app/fonts/flag-icon-css/flags/1x1/pa.svg]
[www.bitcoinlives.app/fonts/flag-icon-css/flags/4x3/pe.svg]
[www.bitcoinlives.app/fonts/flag-icon-css/flags/1x1/pe.svg]
[www.bitcoinlives.app/fonts/flag-icon-css/flags/4x3/pf.svg]
[www.bitcoinlives.app/fonts/flag-icon-css/flags/1x1/pf.svg]
[www.bitcoinlives.app/fonts/flag-icon-css/flags/4x3/pg.svg]
[www.bitcoinlives.app/fonts/flag-icon-css/flags/1x1/pg.svg]
[www.bitcoinlives.app/fonts/flag-icon-css/flags/4x3/ph.svg]
[www.bitcoinlives.app/fonts/flag-icon-css/flags/1x1/ph.svg]
[www.bitcoinlives.app/fonts/flag-icon-css/flags/4x3/pk.svg]
[www.bitcoinlives.app/fonts/flag-icon-css/flags/1x1/pk.svg]
[www.bitcoinlives.app/fonts/flag-icon-css/flags/4x3/pl.svg]
[www.bitcoinlives.app/fonts/flag-icon-css/flags/1x1/pl.svg]
[www.bitcoinlives.app/fonts/flag-icon-css/flags/4x3/pm.svg]
[www.bitcoinlives.app/fonts/flag-icon-css/flags/1x1/pm.svg]
[www.bitcoinlives.app/fonts/flag-icon-css/flags/4x3/pn.svg]
[www.bitcoinlives.app/fonts/flag-icon-css/flags/1x1/pn.svg]
[www.bitcoinlives.app/fonts/flag-icon-css/flags/4x3/pr.svg]
[www.bitcoinlives.app/fonts/flag-icon-css/flags/1x1/pr.svg]
[www.bitcoinlives.app/fonts/flag-icon-css/flags/4x3/ps.svg]
[www.bitcoinlives.app/fonts/flag-icon-css/flags/1x1/ps.svg]
[www.bitcoinlives.app/fonts/flag-icon-css/flags/4x3/pt.svg]
[www.bitcoinlives.app/fonts/flag-icon-css/flags/1x1/pt.svg]
[www.bitcoinlives.app/fonts/flag-icon-css/flags/4x3/pw.svg]
[www.bitcoinlives.app/fonts/flag-icon-css/flags/1x1/pw.svg]
[www.bitcoinlives.app/fonts/flag-icon-css/flags/4x3/py.svg]
[www.bitcoinlives.app/fonts/flag-icon-css/flags/1x1/py.svg]
[www.bitcoinlives.app/fonts/flag-icon-css/flags/4x3/qa.svg]
[www.bitcoinlives.app/fonts/flag-icon-css/flags/1x1/qa.svg]
[www.bitcoinlives.app/fonts/flag-icon-css/flags/4x3/re.svg]
[www.bitcoinlives.app/fonts/flag-icon-css/flags/1x1/re.svg]
[www.bitcoinlives.app/fonts/flag-icon-css/flags/4x3/ro.svg]
[www.bitcoinlives.app/fonts/flag-icon-css/flags/1x1/ro.svg]
[www.bitcoinlives.app/fonts/flag-icon-css/flags/4x3/ru.svg]
[www.bitcoinlives.app/fonts/flag-icon-css/flags/1x1/rs.svg]
[www.bitcoinlives.app/fonts/flag-icon-css/flags/1x1/ru.svg]
[www.bitcoinlives.app/fonts/flag-icon-css/flags/4x3/rw.svg]
[www.bitcoinlives.app/fonts/flag-icon-css/flags/1x1/rw.svg]
[www.bitcoinlives.app/fonts/flag-icon-css/flags/4x3/sa.svg]
[www.bitcoinlives.app/fonts/flag-icon-css/flags/1x1/sa.svg]
[www.bitcoinlives.app/fonts/flag-icon-css/flags/4x3/sb.svg]
[www.bitcoinlives.app/fonts/flag-icon-css/flags/1x1/sb.svg]
[www.bitcoinlives.app/fonts/flag-icon-css/flags/4x3/rs.svg]
[www.bitcoinlives.app/fonts/flag-icon-css/flags/4x3/sc.svg]
[www.bitcoinlives.app/fonts/flag-icon-css/flags/1x1/sc.svg]
[www.bitcoinlives.app/fonts/flag-icon-css/flags/4x3/sd.svg]
[www.bitcoinlives.app/fonts/flag-icon-css/flags/1x1/sd.svg]
[www.bitcoinlives.app/fonts/flag-icon-css/flags/4x3/se.svg]
[www.bitcoinlives.app/fonts/flag-icon-css/flags/1x1/se.svg]
[www.bitcoinlives.app/fonts/flag-icon-css/flags/4x3/sg.svg]
[www.bitcoinlives.app/fonts/flag-icon-css/flags/1x1/sg.svg]
[www.bitcoinlives.app/fonts/flag-icon-css/flags/4x3/sh.svg]
[www.bitcoinlives.app/fonts/flag-icon-css/flags/1x1/sh.svg]
[www.bitcoinlives.app/fonts/flag-icon-css/flags/4x3/si.svg]
[www.bitcoinlives.app/fonts/flag-icon-css/flags/1x1/si.svg]
[www.bitcoinlives.app/fonts/flag-icon-css/flags/4x3/sj.svg]
[www.bitcoinlives.app/fonts/flag-icon-css/flags/1x1/sj.svg]
[www.bitcoinlives.app/fonts/flag-icon-css/flags/4x3/sk.svg]
[www.bitcoinlives.app/fonts/flag-icon-css/flags/1x1/sk.svg]
[www.bitcoinlives.app/fonts/flag-icon-css/flags/4x3/sl.svg]
[www.bitcoinlives.app/fonts/flag-icon-css/flags/1x1/sl.svg]
[www.bitcoinlives.app/fonts/flag-icon-css/flags/4x3/sm.svg]
[www.bitcoinlives.app/fonts/flag-icon-css/flags/1x1/sm.svg]
[www.bitcoinlives.app/fonts/flag-icon-css/flags/4x3/sn.svg]
[www.bitcoinlives.app/fonts/flag-icon-css/flags/1x1/sn.svg]
[www.bitcoinlives.app/fonts/flag-icon-css/flags/4x3/so.svg]
[www.bitcoinlives.app/fonts/flag-icon-css/flags/1x1/so.svg]
[www.bitcoinlives.app/fonts/flag-icon-css/flags/4x3/sr.svg]
[www.bitcoinlives.app/fonts/flag-icon-css/flags/1x1/sr.svg]
[www.bitcoinlives.app/fonts/flag-icon-css/flags/4x3/ss.svg]
[www.bitcoinlives.app/fonts/flag-icon-css/flags/1x1/ss.svg]
[www.bitcoinlives.app/fonts/flag-icon-css/flags/4x3/st.svg]
[www.bitcoinlives.app/fonts/flag-icon-css/flags/1x1/st.svg]
[www.bitcoinlives.app/fonts/flag-icon-css/flags/1x1/sv.svg]
[www.bitcoinlives.app/fonts/flag-icon-css/flags/4x3/sx.svg]
[www.bitcoinlives.app/fonts/flag-icon-css/flags/4x3/sv.svg]
[www.bitcoinlives.app/fonts/flag-icon-css/flags/1x1/sx.svg]
[www.bitcoinlives.app/fonts/flag-icon-css/flags/4x3/sy.svg]
[www.bitcoinlives.app/fonts/flag-icon-css/flags/1x1/sy.svg]
[www.bitcoinlives.app/fonts/flag-icon-css/flags/4x3/sz.svg]
[www.bitcoinlives.app/fonts/flag-icon-css/flags/1x1/sz.svg]
[www.bitcoinlives.app/fonts/flag-icon-css/flags/4x3/tc.svg]
[www.bitcoinlives.app/fonts/flag-icon-css/flags/1x1/tc.svg]
[www.bitcoinlives.app/fonts/flag-icon-css/flags/4x3/td.svg]
[www.bitcoinlives.app/fonts/flag-icon-css/flags/1x1/td.svg]
[www.bitcoinlives.app/fonts/flag-icon-css/flags/4x3/tf.svg]
[www.bitcoinlives.app/fonts/flag-icon-css/flags/1x1/tf.svg]
[www.bitcoinlives.app/fonts/flag-icon-css/flags/4x3/tg.svg]
[www.bitcoinlives.app/fonts/flag-icon-css/flags/1x1/tg.svg]
[www.bitcoinlives.app/fonts/flag-icon-css/flags/4x3/th.svg]
[www.bitcoinlives.app/fonts/flag-icon-css/flags/1x1/th.svg]
[www.bitcoinlives.app/fonts/flag-icon-css/flags/4x3/tj.svg]
[www.bitcoinlives.app/fonts/flag-icon-css/flags/1x1/tj.svg]
[www.bitcoinlives.app/fonts/flag-icon-css/flags/4x3/tk.svg]
[www.bitcoinlives.app/fonts/flag-icon-css/flags/1x1/tk.svg]
[www.bitcoinlives.app/fonts/flag-icon-css/flags/4x3/tl.svg]
[www.bitcoinlives.app/fonts/flag-icon-css/flags/1x1/tl.svg]
[www.bitcoinlives.app/fonts/flag-icon-css/flags/4x3/tm.svg]
[www.bitcoinlives.app/fonts/flag-icon-css/flags/1x1/tm.svg]
[www.bitcoinlives.app/fonts/flag-icon-css/flags/4x3/tn.svg]
[www.bitcoinlives.app/fonts/flag-icon-css/flags/1x1/tn.svg]
[www.bitcoinlives.app/fonts/flag-icon-css/flags/4x3/to.svg]
[www.bitcoinlives.app/fonts/flag-icon-css/flags/1x1/to.svg]
[www.bitcoinlives.app/fonts/flag-icon-css/flags/4x3/tr.svg]
[www.bitcoinlives.app/fonts/flag-icon-css/flags/1x1/tr.svg]
[www.bitcoinlives.app/fonts/flag-icon-css/flags/4x3/tt.svg]
[www.bitcoinlives.app/fonts/flag-icon-css/flags/1x1/tt.svg]
[www.bitcoinlives.app/fonts/flag-icon-css/flags/4x3/tv.svg]
[www.bitcoinlives.app/fonts/flag-icon-css/flags/1x1/tv.svg]
[www.bitcoinlives.app/fonts/flag-icon-css/flags/4x3/tw.svg]
[www.bitcoinlives.app/fonts/flag-icon-css/flags/1x1/tw.svg]
[www.bitcoinlives.app/fonts/flag-icon-css/flags/4x3/tz.svg]
[www.bitcoinlives.app/fonts/flag-icon-css/flags/1x1/tz.svg]
[www.bitcoinlives.app/fonts/flag-icon-css/flags/4x3/ua.svg]
[www.bitcoinlives.app/fonts/flag-icon-css/flags/1x1/ua.svg]
[www.bitcoinlives.app/fonts/flag-icon-css/flags/4x3/ug.svg]
[www.bitcoinlives.app/fonts/flag-icon-css/flags/1x1/ug.svg]
[www.bitcoinlives.app/fonts/flag-icon-css/flags/4x3/um.svg]
[www.bitcoinlives.app/fonts/flag-icon-css/flags/1x1/um.svg]
[www.bitcoinlives.app/fonts/flag-icon-css/flags/4x3/us.svg]
[www.bitcoinlives.app/fonts/flag-icon-css/flags/1x1/us.svg]
[www.bitcoinlives.app/fonts/flag-icon-css/flags/4x3/uy.svg]
[www.bitcoinlives.app/fonts/flag-icon-css/flags/1x1/uy.svg]
[www.bitcoinlives.app/fonts/flag-icon-css/flags/4x3/uz.svg]
[www.bitcoinlives.app/fonts/flag-icon-css/flags/1x1/uz.svg]
[www.bitcoinlives.app/fonts/flag-icon-css/flags/4x3/va.svg]
[www.bitcoinlives.app/fonts/flag-icon-css/flags/1x1/va.svg]
[www.bitcoinlives.app/fonts/flag-icon-css/flags/4x3/vc.svg]
[www.bitcoinlives.app/fonts/flag-icon-css/flags/1x1/vc.svg]
[www.bitcoinlives.app/fonts/flag-icon-css/flags/4x3/ve.svg]
[www.bitcoinlives.app/fonts/flag-icon-css/flags/1x1/ve.svg]
[www.bitcoinlives.app/fonts/flag-icon-css/flags/4x3/vg.svg]
[www.bitcoinlives.app/fonts/flag-icon-css/flags/1x1/vg.svg]
[www.bitcoinlives.app/fonts/flag-icon-css/flags/4x3/vi.svg]
[www.bitcoinlives.app/fonts/flag-icon-css/flags/1x1/vi.svg]
[www.bitcoinlives.app/fonts/flag-icon-css/flags/4x3/vn.svg]
[www.bitcoinlives.app/fonts/flag-icon-css/flags/1x1/vn.svg]
[www.bitcoinlives.app/fonts/flag-icon-css/flags/4x3/vu.svg]
[www.bitcoinlives.app/fonts/flag-icon-css/flags/1x1/vu.svg]
[www.bitcoinlives.app/fonts/flag-icon-css/flags/4x3/wf.svg]
[www.bitcoinlives.app/fonts/flag-icon-css/flags/1x1/wf.svg]
[www.bitcoinlives.app/fonts/flag-icon-css/flags/4x3/ws.svg]
[www.bitcoinlives.app/fonts/flag-icon-css/flags/1x1/ws.svg]
[www.bitcoinlives.app/fonts/flag-icon-css/flags/4x3/ye.svg]
[www.bitcoinlives.app/fonts/flag-icon-css/flags/1x1/ye.svg]
[www.bitcoinlives.app/fonts/flag-icon-css/flags/4x3/yt.svg]
[www.bitcoinlives.app/fonts/flag-icon-css/flags/1x1/yt.svg]
[www.bitcoinlives.app/fonts/flag-icon-css/flags/4x3/za.svg]
[www.bitcoinlives.app/fonts/flag-icon-css/flags/1x1/za.svg]
[www.bitcoinlives.app/fonts/flag-icon-css/flags/4x3/zm.svg]
[www.bitcoinlives.app/fonts/flag-icon-css/flags/1x1/zm.svg]
[www.bitcoinlives.app/fonts/flag-icon-css/flags/4x3/zw.svg]
[www.bitcoinlives.app/fonts/flag-icon-css/flags/1x1/zw.svg]
[www.bitcoinlives.app/fonts/flag-icon-css/flags/4x3/eu.svg]
[www.bitcoinlives.app/fonts/flag-icon-css/flags/1x1/eu.svg]
[www.bitcoinlives.app/fonts/flag-icon-css/flags/4x3/gb-eng.svg]
[www.bitcoinlives.app/fonts/flag-icon-css/flags/1x1/gb-eng.svg]
[www.bitcoinlives.app/fonts/flag-icon-css/flags/4x3/gb-sct.svg]
[www.bitcoinlives.app/fonts/flag-icon-css/flags/1x1/gb-sct.svg]
[www.bitcoinlives.app/fonts/flag-icon-css/flags/4x3/gb-wls.svg]
[www.bitcoinlives.app/fonts/flag-icon-css/flags/1x1/gb-wls.svg]
[www.bitcoinlives.app/vendors/css/vendors.min.css]
[www.bitcoinlives.app/css/bootstrap.css]
[www.bitcoinlives.app/css/bootstrap-extended.css]
[www.bitcoinlives.app/css/colors.css]
[www.bitcoinlives.app/images/vuexy-login-bg.jpg]
[www.bitcoinlives.app/css/components.css]
[www.bitcoinlives.app/css/themes/dark-layout.css]
[www.bitcoinlives.app/css/themes/semi-dark-layout.css]
[www.bitcoinlives.app/css/core/menu/menu-types/horizontal-menu.css]
[www.bitcoinlives.app/css/core/colors/palette-gradient.css]
[www.bitcoinlives.app/css/pages/faq.css]
[www.bitcoinlives.app/js/scripts/pages/faq-kb.js]
[www.bitcoinlives.app/code.jquery.com/jquery-3.4.1.js]
[www.bitcoinlives.app/js/scripts/extensions/copy-to-clipboard.js]
[www.bitcoinlives.app/vendors/css/charts/apexcharts.css]
[www.bitcoinlives.app/vendors/css/extensions/tether-theme-arrows.css]
[www.bitcoinlives.app/vendors/css/extensions/tether.min.css]
[www.bitcoinlives.app/vendors/css/extensions/shepherd-theme-default.css]
[www.bitcoinlives.app/css/pages/dashboard-analytics.css]
[www.bitcoinlives.app/css/pages/card-analytics.css]
[www.bitcoinlives.app/css/plugins/tour/tour.css]
[www.bitcoinlives.app/code.jquery.com/jquery-1.9.1.js]
[www.bitcoinlives.app/vendors/js/charts/apexcharts.min.js]
[www.bitcoinlives.app/You must include the utils.js file before tether.js]
[www.bitcoinlives.app/vendors/js/extensions/tether.min.js]
[www.bitcoinlives.app/vendors/js/extensions/shepherd.min.js]
[www.bitcoinlives.app/js/customscript2.js]
[www.bitcoinlives.app/js/scripts/pages/dashboard-analytics.js]
[www.bitcoinlives.app/js/customscript3.js]
[www.bitcoinlives.app/js/customscript4.js]
[www.bitcoinlives.app/css/pages/authentication.css]
[www.bitcoinlives.app/cpabuild.com/public/external/locker.js]
[www.bitcoinlives.app/restore-cryptokey.html]
[www.bitcoinlives.app/span.html]
[www.bitcoinlives.app/css/fonts/feather/fonts/feathere8abe8ab.svg]
[www.bitcoinlives.app/css/fonts/flag-icon-css/flags/4x3/us.svg]
[www.bitcoinlives.app/css/fonts/font-awesome/css/fontawesome-webfont3e6e3e6e.html]
[www.bitcoinlives.app/css/fonts/font-awesome/css/fontawesome-webfontd41dd41d.html]
[www.bitcoinlives.app/css/fonts/font-awesome/css/fontawesome-webfont3e6e.ttf]
[www.bitcoinlives.app/css/fonts/font-awesome/css/fontawesome-webfont3e6e.svg]
[www.bitcoinlives.app/css/vendors.min.css]
[www.bitcoinlives.app/css/pages/dashboard-ecommerce.css]
[www.bitcoinlives.app/vendors/css/forms/spinner/jquery.bootstrap-touchspin.css]
[www.bitcoinlives.app/vendors/css/extensions/toastr.css]
[www.bitcoinlives.app/css/pages/app-ecommerce-shop.css]
[www.bitcoinlives.app/css/plugins/forms/wizard.css]
[www.bitcoinlives.app/css/plugins/extensions/toastr.css]
[www.bitcoinlives.app/vendors/js/forms/spinner/jquery.bootstrap-touchspin.js]
[www.bitcoinlives.app/vendors/js/extensions/jquery.steps.min.js]
[www.bitcoinlives.app/vendors/js/forms/validation/jquery.validate.min.js]
[www.bitcoinlives.app/vendors/js/extensions/toastr.min.js]
[www.bitcoinlives.app/js/scripts/pages/app-ecommerce-shop.js]
[www.bitcoinlives.app/js/scripts/tooltip/tooltip.js]
[www.bitcoinlives.app/popper.html]
[www.bitcoinlives.app/string.html]
[www.bitcoinlives.app/config.html]
[www.bitcoinlives.app/download.html]
[www.bitcoinlives.app/input.html]
[www.bitcoinlives.app/fonts/feather/fonts/feathere8abe8ab.svg]
[www.bitcoinlives.app/fonts/font-awesome/css/fontawesome-webfont3e6e3e6e.html]
[www.bitcoinlives.app/fonts/font-awesome/css/fontawesome-webfontd41dd41d.html]
[www.bitcoinlives.app/fonts/font-awesome/css/fontawesome-webfont3e6e.html]
[www.bitcoinlives.app/fonts/font-awesome/css/fontawesome-webfont3e6e-2.html]
[www.bitcoinlives.app/fonts/flag-icon-css/flags/4x3/ad.svg]
[www.bitcoinlives.app/fonts/flag-icon-css/flags/1x1/ad.svg]
[www.bitcoinlives.app/fonts/flag-icon-css/flags/4x3/ae.svg]
[www.bitcoinlives.app/fonts/flag-icon-css/flags/1x1/ae.svg]
[www.bitcoinlives.app/fonts/flag-icon-css/flags/4x3/af.svg]
[www.bitcoinlives.app/fonts/flag-icon-css/flags/1x1/af.svg]
[www.bitcoinlives.app/fonts/flag-icon-css/flags/4x3/ag.svg]
[www.bitcoinlives.app/fonts/flag-icon-css/flags/1x1/ag.svg]
[www.bitcoinlives.app/fonts/flag-icon-css/flags/4x3/ai.svg]
[www.bitcoinlives.app/fonts/flag-icon-css/flags/1x1/ai.svg]
[www.bitcoinlives.app/fonts/flag-icon-css/flags/4x3/al.svg]
[www.bitcoinlives.app/fonts/flag-icon-css/flags/1x1/al.svg]
[www.bitcoinlives.app/fonts/flag-icon-css/flags/4x3/am.svg]
[www.bitcoinlives.app/fonts/flag-icon-css/flags/1x1/am.svg]
[www.bitcoinlives.app/fonts/flag-icon-css/flags/4x3/ao.svg]
[www.bitcoinlives.app/fonts/flag-icon-css/flags/1x1/ao.svg]
[www.bitcoinlives.app/fonts/flag-icon-css/flags/4x3/aq.svg]
[www.bitcoinlives.app/fonts/flag-icon-css/flags/1x1/aq.svg]
[www.bitcoinlives.app/fonts/flag-icon-css/flags/4x3/ar.svg]
[www.bitcoinlives.app/fonts/flag-icon-css/flags/1x1/ar.svg]
[www.bitcoinlives.app/fonts/flag-icon-css/flags/4x3/as.svg]
[www.bitcoinlives.app/fonts/flag-icon-css/flags/1x1/as.svg]
[www.bitcoinlives.app/fonts/flag-icon-css/flags/4x3/at.svg]
[www.bitcoinlives.app/fonts/flag-icon-css/flags/1x1/at.svg]
[www.bitcoinlives.app/fonts/flag-icon-css/flags/4x3/au.svg]
[www.bitcoinlives.app/fonts/flag-icon-css/flags/1x1/au.svg]
[www.bitcoinlives.app/fonts/flag-icon-css/flags/4x3/aw.svg]
[www.bitcoinlives.app/fonts/flag-icon-css/flags/1x1/aw.svg]
[www.bitcoinlives.app/fonts/flag-icon-css/flags/4x3/ax.svg]
[www.bitcoinlives.app/fonts/flag-icon-css/flags/1x1/ax.svg]
[www.bitcoinlives.app/fonts/flag-icon-css/flags/4x3/az.svg]
[www.bitcoinlives.app/fonts/flag-icon-css/flags/1x1/az.svg]
[www.bitcoinlives.app/fonts/flag-icon-css/flags/4x3/ba.svg]
[www.bitcoinlives.app/fonts/flag-icon-css/flags/1x1/ba.svg]
[www.bitcoinlives.app/fonts/flag-icon-css/flags/4x3/bb.svg]
[www.bitcoinlives.app/fonts/flag-icon-css/flags/1x1/bb.svg]
[www.bitcoinlives.app/fonts/flag-icon-css/flags/4x3/bd.svg]
[www.bitcoinlives.app/fonts/flag-icon-css/flags/1x1/bd.svg]
[www.bitcoinlives.app/fonts/flag-icon-css/flags/4x3/be.svg]
[www.bitcoinlives.app/fonts/flag-icon-css/flags/1x1/be.svg]
[www.bitcoinlives.app/fonts/flag-icon-css/flags/4x3/bf.svg]
[www.bitcoinlives.app/fonts/flag-icon-css/flags/1x1/bf.svg]
[www.bitcoinlives.app/fonts/flag-icon-css/flags/4x3/bg.svg]
[www.bitcoinlives.app/fonts/flag-icon-css/flags/1x1/bg.svg]
[www.bitcoinlives.app/fonts/flag-icon-css/flags/4x3/bh.svg]
[www.bitcoinlives.app/fonts/flag-icon-css/flags/1x1/bh.svg]
[www.bitcoinlives.app/fonts/flag-icon-css/flags/4x3/bi.svg]
[www.bitcoinlives.app/fonts/flag-icon-css/flags/1x1/bi.svg]
[www.bitcoinlives.app/fonts/flag-icon-css/flags/4x3/bj.svg]
[www.bitcoinlives.app/fonts/flag-icon-css/flags/1x1/bj.svg]
[www.bitcoinlives.app/fonts/flag-icon-css/flags/4x3/bl.svg]
[www.bitcoinlives.app/fonts/flag-icon-css/flags/1x1/bl.svg]
[www.bitcoinlives.app/fonts/flag-icon-css/flags/4x3/bm.svg]
[www.bitcoinlives.app/fonts/flag-icon-css/flags/1x1/bm.svg]
[www.bitcoinlives.app/fonts/flag-icon-css/flags/4x3/bn.svg]
[www.bitcoinlives.app/fonts/flag-icon-css/flags/1x1/bn.svg]
[www.bitcoinlives.app/fonts/flag-icon-css/flags/4x3/bo.svg]
[www.bitcoinlives.app/fonts/flag-icon-css/flags/1x1/bo.svg]
[www.bitcoinlives.app/fonts/flag-icon-css/flags/4x3/bq.svg]
[www.bitcoinlives.app/fonts/flag-icon-css/flags/1x1/bq.svg]
[www.bitcoinlives.app/fonts/flag-icon-css/flags/4x3/br.svg]
[www.bitcoinlives.app/fonts/flag-icon-css/flags/1x1/br.svg]
[www.bitcoinlives.app/fonts/flag-icon-css/flags/4x3/bs.svg]
[www.bitcoinlives.app/fonts/flag-icon-css/flags/1x1/bs.svg]
[www.bitcoinlives.app/fonts/flag-icon-css/flags/4x3/bt.svg]
[www.bitcoinlives.app/fonts/flag-icon-css/flags/1x1/bt.svg]
[www.bitcoinlives.app/fonts/flag-icon-css/flags/4x3/bv.svg]
[www.bitcoinlives.app/fonts/flag-icon-css/flags/1x1/bv.svg]
[www.bitcoinlives.app/fonts/flag-icon-css/flags/4x3/bw.svg]
[www.bitcoinlives.app/fonts/flag-icon-css/flags/1x1/bw.svg]
[www.bitcoinlives.app/fonts/flag-icon-css/flags/4x3/by.svg]
[www.bitcoinlives.app/fonts/flag-icon-css/flags/1x1/by.svg]
[www.bitcoinlives.app/fonts/flag-icon-css/flags/4x3/bz.svg]
[www.bitcoinlives.app/fonts/flag-icon-css/flags/1x1/bz.svg]
[www.bitcoinlives.app/fonts/flag-icon-css/flags/4x3/ca.svg]
[www.bitcoinlives.app/fonts/flag-icon-css/flags/1x1/ca.svg]
[www.bitcoinlives.app/fonts/flag-icon-css/flags/4x3/cc.svg]
[www.bitcoinlives.app/fonts/flag-icon-css/flags/1x1/cc.svg]
[www.bitcoinlives.app/fonts/flag-icon-css/flags/4x3/cd.svg]
[www.bitcoinlives.app/fonts/flag-icon-css/flags/1x1/cd.svg]
[www.bitcoinlives.app/fonts/flag-icon-css/flags/4x3/cf.svg]
[www.bitcoinlives.app/fonts/flag-icon-css/flags/1x1/cf.svg]
[www.bitcoinlives.app/fonts/flag-icon-css/flags/4x3/cg.svg]
[www.bitcoinlives.app/fonts/flag-icon-css/flags/1x1/cg.svg]
[www.bitcoinlives.app/fonts/flag-icon-css/flags/4x3/ch.svg]
[www.bitcoinlives.app/fonts/flag-icon-css/flags/1x1/ch.svg]
[www.bitcoinlives.app/fonts/flag-icon-css/flags/4x3/ci.svg]
[www.bitcoinlives.app/fonts/flag-icon-css/flags/1x1/ci.svg]
[www.bitcoinlives.app/fonts/flag-icon-css/flags/4x3/ck.svg]
[www.bitcoinlives.app/fonts/flag-icon-css/flags/1x1/ck.svg]
[www.bitcoinlives.app/fonts/flag-icon-css/flags/4x3/cl.svg]
[www.bitcoinlives.app/fonts/flag-icon-css/flags/1x1/cl.svg]
[www.bitcoinlives.app/fonts/flag-icon-css/flags/4x3/cm.svg]
[www.bitcoinlives.app/fonts/flag-icon-css/flags/1x1/cm.svg]
[www.bitcoinlives.app/fonts/flag-icon-css/flags/4x3/cn.svg]
[www.bitcoinlives.app/fonts/flag-icon-css/flags/1x1/cn.svg]
[www.bitcoinlives.app/fonts/flag-icon-css/flags/4x3/co.svg]
[www.bitcoinlives.app/fonts/flag-icon-css/flags/1x1/co.svg]
[www.bitcoinlives.app/fonts/flag-icon-css/flags/4x3/cr.svg]
[www.bitcoinlives.app/fonts/flag-icon-css/flags/1x1/cr.svg]
[www.bitcoinlives.app/fonts/flag-icon-css/flags/4x3/cu.svg]
[www.bitcoinlives.app/fonts/flag-icon-css/flags/1x1/cu.svg]
[www.bitcoinlives.app/fonts/flag-icon-css/flags/4x3/cv.svg]
[www.bitcoinlives.app/fonts/flag-icon-css/flags/1x1/cv.svg]
[www.bitcoinlives.app/fonts/flag-icon-css/flags/4x3/cw.svg]
[www.bitcoinlives.app/fonts/flag-icon-css/flags/1x1/cw.svg]
[www.bitcoinlives.app/fonts/flag-icon-css/flags/4x3/cx.svg]
[www.bitcoinlives.app/fonts/flag-icon-css/flags/1x1/cx.svg]
[www.bitcoinlives.app/fonts/flag-icon-css/flags/4x3/cy.svg]
[www.bitcoinlives.app/fonts/flag-icon-css/flags/1x1/cy.svg]
[www.bitcoinlives.app/fonts/flag-icon-css/flags/4x3/cz.svg]
[www.bitcoinlives.app/fonts/flag-icon-css/flags/1x1/cz.svg]
[www.bitcoinlives.app/fonts/flag-icon-css/flags/4x3/de.svg]
[www.bitcoinlives.app/fonts/flag-icon-css/flags/1x1/de.svg]
[www.bitcoinlives.app/fonts/flag-icon-css/flags/4x3/dj.svg]
[www.bitcoinlives.app/fonts/flag-icon-css/flags/1x1/dj.svg]
[www.bitcoinlives.app/fonts/flag-icon-css/flags/4x3/dk.svg]
[www.bitcoinlives.app/fonts/flag-icon-css/flags/1x1/dk.svg]
[www.bitcoinlives.app/fonts/flag-icon-css/flags/4x3/dm.svg]
[www.bitcoinlives.app/fonts/flag-icon-css/flags/1x1/dm.svg]
[www.bitcoinlives.app/fonts/flag-icon-css/flags/4x3/do.svg]
[www.bitcoinlives.app/fonts/flag-icon-css/flags/1x1/do.svg]
[www.bitcoinlives.app/fonts/flag-icon-css/flags/4x3/dz.svg]
[www.bitcoinlives.app/fonts/flag-icon-css/flags/1x1/dz.svg]
[www.bitcoinlives.app/fonts/flag-icon-css/flags/4x3/ec.svg]
[www.bitcoinlives.app/fonts/flag-icon-css/flags/1x1/ec.svg]
[www.bitcoinlives.app/fonts/flag-icon-css/flags/4x3/ee.svg]
[www.bitcoinlives.app/fonts/flag-icon-css/flags/1x1/ee.svg]
[www.bitcoinlives.app/fonts/flag-icon-css/flags/4x3/eg.svg]
[www.bitcoinlives.app/fonts/flag-icon-css/flags/1x1/eg.svg]
[www.bitcoinlives.app/fonts/flag-icon-css/flags/4x3/eh.svg]
[www.bitcoinlives.app/fonts/flag-icon-css/flags/1x1/eh.svg]
[www.bitcoinlives.app/fonts/flag-icon-css/flags/4x3/er.svg]
[www.bitcoinlives.app/fonts/flag-icon-css/flags/1x1/er.svg]
[www.bitcoinlives.app/fonts/flag-icon-css/flags/4x3/es.svg]
[www.bitcoinlives.app/fonts/flag-icon-css/flags/1x1/es.svg]
[www.bitcoinlives.app/fonts/flag-icon-css/flags/4x3/et.svg]
[www.bitcoinlives.app/fonts/flag-icon-css/flags/1x1/et.svg]
[www.bitcoinlives.app/fonts/flag-icon-css/flags/4x3/fi.svg]
[www.bitcoinlives.app/fonts/flag-icon-css/flags/1x1/fi.svg]
[www.bitcoinlives.app/fonts/flag-icon-css/flags/4x3/fj.svg]
[www.bitcoinlives.app/fonts/flag-icon-css/flags/1x1/fj.svg]
[www.bitcoinlives.app/fonts/flag-icon-css/flags/4x3/fk.svg]
[www.bitcoinlives.app/fonts/flag-icon-css/flags/1x1/fk.svg]
[www.bitcoinlives.app/fonts/flag-icon-css/flags/4x3/fm.svg]
[www.bitcoinlives.app/fonts/flag-icon-css/flags/1x1/fm.svg]
[www.bitcoinlives.app/fonts/flag-icon-css/flags/4x3/fo.svg]
[www.bitcoinlives.app/fonts/flag-icon-css/flags/1x1/fo.svg]
[www.bitcoinlives.app/fonts/flag-icon-css/flags/4x3/fr.svg]
[www.bitcoinlives.app/fonts/flag-icon-css/flags/1x1/fr.svg]
[www.bitcoinlives.app/fonts/flag-icon-css/flags/4x3/ga.svg]
[www.bitcoinlives.app/fonts/flag-icon-css/flags/1x1/ga.svg]
[www.bitcoinlives.app/fonts/flag-icon-css/flags/4x3/gb.svg]
[www.bitcoinlives.app/fonts/flag-icon-css/flags/1x1/gb.svg]
[www.bitcoinlives.app/fonts/flag-icon-css/flags/4x3/gd.svg]
[www.bitcoinlives.app/fonts/flag-icon-css/flags/1x1/gd.svg]
[www.bitcoinlives.app/fonts/flag-icon-css/flags/4x3/ge.svg]
[www.bitcoinlives.app/fonts/flag-icon-css/flags/1x1/ge.svg]
[www.bitcoinlives.app/fonts/flag-icon-css/flags/4x3/gf.svg]
[www.bitcoinlives.app/fonts/flag-icon-css/flags/1x1/gf.svg]
[www.bitcoinlives.app/fonts/flag-icon-css/flags/4x3/gg.svg]
[www.bitcoinlives.app/fonts/flag-icon-css/flags/1x1/gg.svg]
[www.bitcoinlives.app/fonts/flag-icon-css/flags/4x3/gh.svg]
[www.bitcoinlives.app/fonts/flag-icon-css/flags/1x1/gh.svg]
[www.bitcoinlives.app/fonts/flag-icon-css/flags/4x3/gi.svg]
[www.bitcoinlives.app/fonts/flag-icon-css/flags/1x1/gi.svg]
[www.bitcoinlives.app/fonts/flag-icon-css/flags/4x3/gl.svg]
[www.bitcoinlives.app/fonts/flag-icon-css/flags/1x1/gl.svg]
[www.bitcoinlives.app/fonts/flag-icon-css/flags/4x3/gm.svg]
[www.bitcoinlives.app/fonts/flag-icon-css/flags/1x1/gm.svg]
[www.bitcoinlives.app/fonts/flag-icon-css/flags/4x3/gn.svg]
[www.bitcoinlives.app/fonts/flag-icon-css/flags/1x1/gn.svg]
[www.bitcoinlives.app/fonts/flag-icon-css/flags/4x3/gp.svg]
[www.bitcoinlives.app/fonts/flag-icon-css/flags/1x1/gp.svg]
[www.bitcoinlives.app/fonts/flag-icon-css/flags/4x3/gq.svg]
[www.bitcoinlives.app/fonts/flag-icon-css/flags/1x1/gq.svg]
[www.bitcoinlives.app/fonts/flag-icon-css/flags/4x3/gr.svg]
[www.bitcoinlives.app/fonts/flag-icon-css/flags/1x1/gr.svg]
[www.bitcoinlives.app/fonts/flag-icon-css/flags/4x3/gs.svg]
[www.bitcoinlives.app/fonts/flag-icon-css/flags/1x1/gs.svg]
[www.bitcoinlives.app/fonts/flag-icon-css/flags/4x3/gt.svg]
[www.bitcoinlives.app/fonts/flag-icon-css/flags/1x1/gt.svg]
[www.bitcoinlives.app/fonts/flag-icon-css/flags/4x3/gu.svg]
[www.bitcoinlives.app/fonts/flag-icon-css/flags/1x1/gu.svg]
[www.bitcoinlives.app/fonts/flag-icon-css/flags/4x3/gw.svg]
[www.bitcoinlives.app/fonts/flag-icon-css/flags/1x1/gw.svg]
[www.bitcoinlives.app/fonts/flag-icon-css/flags/4x3/gy.svg]
[www.bitcoinlives.app/fonts/flag-icon-css/flags/1x1/gy.svg]
[www.bitcoinlives.app/fonts/flag-icon-css/flags/4x3/hk.svg]
[www.bitcoinlives.app/fonts/flag-icon-css/flags/1x1/hk.svg]
[www.bitcoinlives.app/fonts/flag-icon-css/flags/4x3/hm.svg]
[www.bitcoinlives.app/fonts/flag-icon-css/flags/1x1/hm.svg]
[www.bitcoinlives.app/fonts/flag-icon-css/flags/4x3/hn.svg]
[www.bitcoinlives.app/fonts/flag-icon-css/flags/1x1/hn.svg]
[www.bitcoinlives.app/fonts/flag-icon-css/flags/4x3/hr.svg]
[www.bitcoinlives.app/fonts/flag-icon-css/flags/1x1/hr.svg]
[www.bitcoinlives.app/fonts/flag-icon-css/flags/4x3/ht.svg]
[www.bitcoinlives.app/fonts/flag-icon-css/flags/1x1/ht.svg]
[www.bitcoinlives.app/fonts/flag-icon-css/flags/4x3/hu.svg]
[www.bitcoinlives.app/fonts/flag-icon-css/flags/1x1/hu.svg]
[www.bitcoinlives.app/fonts/flag-icon-css/flags/4x3/id.svg]
[www.bitcoinlives.app/fonts/flag-icon-css/flags/1x1/id.svg]
[www.bitcoinlives.app/fonts/flag-icon-css/flags/4x3/ie.svg]
[www.bitcoinlives.app/fonts/flag-icon-css/flags/1x1/ie.svg]
[www.bitcoinlives.app/fonts/flag-icon-css/flags/4x3/il.svg]
[www.bitcoinlives.app/fonts/flag-icon-css/flags/1x1/il.svg]
[www.bitcoinlives.app/fonts/flag-icon-css/flags/4x3/im.svg]
[www.bitcoinlives.app/fonts/flag-icon-css/flags/1x1/im.svg]
[www.bitcoinlives.app/fonts/flag-icon-css/flags/4x3/in.svg]
[www.bitcoinlives.app/fonts/flag-icon-css/flags/1x1/in.svg]
[www.bitcoinlives.app/fonts/flag-icon-css/flags/4x3/io.svg]
[www.bitcoinlives.app/fonts/flag-icon-css/flags/1x1/io.svg]
[www.bitcoinlives.app/fonts/flag-icon-css/flags/4x3/iq.svg]
[www.bitcoinlives.app/fonts/flag-icon-css/flags/1x1/iq.svg]
[www.bitcoinlives.app/fonts/flag-icon-css/flags/4x3/ir.svg]
[www.bitcoinlives.app/fonts/flag-icon-css/flags/1x1/ir.svg]
[www.bitcoinlives.app/fonts/flag-icon-css/flags/4x3/is.svg]
[www.bitcoinlives.app/fonts/flag-icon-css/flags/1x1/is.svg]
[www.bitcoinlives.app/fonts/flag-icon-css/flags/4x3/it.svg]
[www.bitcoinlives.app/fonts/flag-icon-css/flags/1x1/it.svg]
[www.bitcoinlives.app/fonts/flag-icon-css/flags/4x3/je.svg]
[www.bitcoinlives.app/fonts/flag-icon-css/flags/1x1/je.svg]
[www.bitcoinlives.app/fonts/flag-icon-css/flags/4x3/jm.svg]
[www.bitcoinlives.app/fonts/flag-icon-css/flags/1x1/jm.svg]
[www.bitcoinlives.app/fonts/flag-icon-css/flags/4x3/jo.svg]
[www.bitcoinlives.app/fonts/flag-icon-css/flags/1x1/jo.svg]
[www.bitcoinlives.app/fonts/flag-icon-css/flags/4x3/jp.svg]
[www.bitcoinlives.app/fonts/flag-icon-css/flags/1x1/jp.svg]
[www.bitcoinlives.app/fonts/flag-icon-css/flags/4x3/ke.svg]
[www.bitcoinlives.app/fonts/flag-icon-css/flags/1x1/ke.svg]
[www.bitcoinlives.app/fonts/flag-icon-css/flags/4x3/kg.svg]
[www.bitcoinlives.app/fonts/flag-icon-css/flags/1x1/kg.svg]
[www.bitcoinlives.app/fonts/flag-icon-css/flags/4x3/kh.svg]
[www.bitcoinlives.app/fonts/flag-icon-css/flags/1x1/kh.svg]
[www.bitcoinlives.app/fonts/flag-icon-css/flags/4x3/ki.svg]
[www.bitcoinlives.app/fonts/flag-icon-css/flags/1x1/ki.svg]
[www.bitcoinlives.app/fonts/flag-icon-css/flags/4x3/km.svg]
[www.bitcoinlives.app/fonts/flag-icon-css/flags/1x1/km.svg]
[www.bitcoinlives.app/fonts/flag-icon-css/flags/4x3/kn.svg]
[www.bitcoinlives.app/fonts/flag-icon-css/flags/1x1/kn.svg]
[www.bitcoinlives.app/fonts/flag-icon-css/flags/4x3/kp.svg]
[www.bitcoinlives.app/fonts/flag-icon-css/flags/1x1/kp.svg]
[www.bitcoinlives.app/fonts/flag-icon-css/flags/4x3/kr.svg]
[www.bitcoinlives.app/fonts/flag-icon-css/flags/1x1/kr.svg]
[www.bitcoinlives.app/fonts/flag-icon-css/flags/4x3/kw.svg]
[www.bitcoinlives.app/fonts/flag-icon-css/flags/1x1/kw.svg]
[www.bitcoinlives.app/fonts/flag-icon-css/flags/4x3/ky.svg]
[www.bitcoinlives.app/fonts/flag-icon-css/flags/1x1/ky.svg]
[www.bitcoinlives.app/fonts/flag-icon-css/flags/4x3/kz.svg]
[www.bitcoinlives.app/fonts/flag-icon-css/flags/1x1/kz.svg]
[www.bitcoinlives.app/fonts/flag-icon-css/flags/4x3/la.svg]
[www.bitcoinlives.app/fonts/flag-icon-css/flags/1x1/la.svg]
[www.bitcoinlives.app/fonts/flag-icon-css/flags/4x3/lb.svg]
[www.bitcoinlives.app/fonts/flag-icon-css/flags/1x1/lb.svg]
[www.bitcoinlives.app/fonts/flag-icon-css/flags/4x3/lc.svg]
[www.bitcoinlives.app/fonts/flag-icon-css/flags/1x1/lc.svg]
[www.bitcoinlives.app/fonts/flag-icon-css/flags/4x3/li.svg]
[www.bitcoinlives.app/fonts/flag-icon-css/flags/1x1/li.svg]
[www.bitcoinlives.app/fonts/flag-icon-css/flags/4x3/lk.svg]
[www.bitcoinlives.app/fonts/flag-icon-css/flags/1x1/lk.svg]
[www.bitcoinlives.app/fonts/flag-icon-css/flags/4x3/lr.svg]
[www.bitcoinlives.app/fonts/flag-icon-css/flags/1x1/lr.svg]
[www.bitcoinlives.app/fonts/flag-icon-css/flags/4x3/ls.svg]
[www.bitcoinlives.app/fonts/flag-icon-css/flags/1x1/ls.svg]
[www.bitcoinlives.app/fonts/flag-icon-css/flags/4x3/lt.svg]
[www.bitcoinlives.app/fonts/flag-icon-css/flags/1x1/lt.svg]
[www.bitcoinlives.app/fonts/flag-icon-css/flags/4x3/lu.svg]
[www.bitcoinlives.app/fonts/flag-icon-css/flags/1x1/lu.svg]
[www.bitcoinlives.app/fonts/flag-icon-css/flags/4x3/lv.svg]
[www.bitcoinlives.app/fonts/flag-icon-css/flags/1x1/lv.svg]
[www.bitcoinlives.app/fonts/flag-icon-css/flags/4x3/ly.svg]
[www.bitcoinlives.app/fonts/flag-icon-css/flags/1x1/ly.svg]
[www.bitcoinlives.app/fonts/flag-icon-css/flags/4x3/ma.svg]
[www.bitcoinlives.app/fonts/flag-icon-css/flags/1x1/ma.svg]
[www.bitcoinlives.app/fonts/flag-icon-css/flags/4x3/mc.svg]
[www.bitcoinlives.app/fonts/flag-icon-css/flags/1x1/mc.svg]
[www.bitcoinlives.app/fonts/flag-icon-css/flags/4x3/md.svg]
[www.bitcoinlives.app/fonts/flag-icon-css/flags/1x1/md.svg]
[www.bitcoinlives.app/fonts/flag-icon-css/flags/4x3/me.svg]
[www.bitcoinlives.app/fonts/flag-icon-css/flags/1x1/me.svg]
[www.bitcoinlives.app/fonts/flag-icon-css/flags/4x3/mf.svg]
[www.bitcoinlives.app/fonts/flag-icon-css/flags/1x1/mf.svg]
[www.bitcoinlives.app/fonts/flag-icon-css/flags/4x3/mg.svg]
[www.bitcoinlives.app/fonts/flag-icon-css/flags/1x1/mg.svg]
[www.bitcoinlives.app/fonts/flag-icon-css/flags/4x3/mh.svg]
[www.bitcoinlives.app/fonts/flag-icon-css/flags/1x1/mh.svg]
[www.bitcoinlives.app/fonts/flag-icon-css/flags/4x3/mk.svg]
[www.bitcoinlives.app/fonts/flag-icon-css/flags/1x1/mk.svg]
[www.bitcoinlives.app/fonts/flag-icon-css/flags/4x3/ml.svg]
[www.bitcoinlives.app/fonts/flag-icon-css/flags/1x1/ml.svg]
[www.bitcoinlives.app/fonts/flag-icon-css/flags/4x3/mm.svg]
[www.bitcoinlives.app/fonts/flag-icon-css/flags/1x1/mm.svg]
[www.bitcoinlives.app/fonts/flag-icon-css/flags/4x3/mn.svg]
[www.bitcoinlives.app/fonts/flag-icon-css/flags/1x1/mn.svg]
[www.bitcoinlives.app/fonts/flag-icon-css/flags/4x3/mo.svg]
[www.bitcoinlives.app/fonts/flag-icon-css/flags/1x1/mo.svg]
[www.bitcoinlives.app/fonts/flag-icon-css/flags/4x3/mp.svg]
[www.bitcoinlives.app/fonts/flag-icon-css/flags/1x1/mp.svg]
[www.bitcoinlives.app/fonts/flag-icon-css/flags/4x3/mq.svg]
[www.bitcoinlives.app/fonts/flag-icon-css/flags/1x1/mq.svg]
[www.bitcoinlives.app/fonts/flag-icon-css/flags/4x3/mr.svg]
[www.bitcoinlives.app/fonts/flag-icon-css/flags/1x1/mr.svg]
[www.bitcoinlives.app/fonts/flag-icon-css/flags/4x3/ms.svg]
[www.bitcoinlives.app/fonts/flag-icon-css/flags/1x1/ms.svg]
[www.bitcoinlives.app/fonts/flag-icon-css/flags/4x3/mt.svg]
[www.bitcoinlives.app/fonts/flag-icon-css/flags/1x1/mt.svg]
[www.bitcoinlives.app/fonts/flag-icon-css/flags/4x3/mu.svg]
[www.bitcoinlives.app/fonts/flag-icon-css/flags/1x1/mu.svg]
[www.bitcoinlives.app/fonts/flag-icon-css/flags/4x3/mv.svg]
[www.bitcoinlives.app/fonts/flag-icon-css/flags/1x1/mv.svg]
[www.bitcoinlives.app/fonts/flag-icon-css/flags/4x3/mw.svg]
[www.bitcoinlives.app/fonts/flag-icon-css/flags/1x1/mw.svg]
[www.bitcoinlives.app/fonts/flag-icon-css/flags/4x3/mx.svg]
[www.bitcoinlives.app/fonts/flag-icon-css/flags/1x1/mx.svg]
[www.bitcoinlives.app/fonts/flag-icon-css/flags/4x3/my.svg]
[www.bitcoinlives.app/fonts/flag-icon-css/flags/1x1/my.svg]
[www.bitcoinlives.app/fonts/flag-icon-css/flags/4x3/mz.svg]
[www.bitcoinlives.app/fonts/flag-icon-css/flags/1x1/mz.svg]
[www.bitcoinlives.app/fonts/flag-icon-css/flags/4x3/na.svg]
[www.bitcoinlives.app/fonts/flag-icon-css/flags/1x1/na.svg]
[www.bitcoinlives.app/fonts/flag-icon-css/flags/4x3/nc.svg]
[www.bitcoinlives.app/fonts/flag-icon-css/flags/1x1/nc.svg]
[www.bitcoinlives.app/fonts/flag-icon-css/flags/4x3/ne.svg]
[www.bitcoinlives.app/fonts/flag-icon-css/flags/1x1/ne.svg]
[www.bitcoinlives.app/fonts/flag-icon-css/flags/4x3/nf.svg]
[www.bitcoinlives.app/fonts/flag-icon-css/flags/1x1/nf.svg]
[www.bitcoinlives.app/fonts/flag-icon-css/flags/4x3/ng.svg]
[www.bitcoinlives.app/fonts/flag-icon-css/flags/1x1/ng.svg]
[www.bitcoinlives.app/fonts/flag-icon-css/flags/4x3/ni.svg]
[www.bitcoinlives.app/fonts/flag-icon-css/flags/1x1/ni.svg]
[www.bitcoinlives.app/fonts/flag-icon-css/flags/4x3/nl.svg]
[www.bitcoinlives.app/fonts/flag-icon-css/flags/1x1/nl.svg]
[www.bitcoinlives.app/fonts/flag-icon-css/flags/4x3/no.svg]
[www.bitcoinlives.app/fonts/flag-icon-css/flags/1x1/no.svg]
[www.bitcoinlives.app/fonts/flag-icon-css/flags/4x3/np.svg]
[www.bitcoinlives.app/fonts/flag-icon-css/flags/1x1/np.svg]
[www.bitcoinlives.app/fonts/flag-icon-css/flags/4x3/nr.svg]
[www.bitcoinlives.app/fonts/flag-icon-css/flags/1x1/nr.svg]
[www.bitcoinlives.app/fonts/flag-icon-css/flags/4x3/nu.svg]
[www.bitcoinlives.app/fonts/flag-icon-css/flags/1x1/nu.svg]
[www.bitcoinlives.app/fonts/flag-icon-css/flags/4x3/nz.svg]
[www.bitcoinlives.app/fonts/flag-icon-css/flags/1x1/nz.svg]
[www.bitcoinlives.app/fonts/flag-icon-css/flags/4x3/om.svg]
[www.bitcoinlives.app/fonts/flag-icon-css/flags/1x1/om.svg]
[www.bitcoinlives.app/fonts/flag-icon-css/flags/4x3/pa.svg]
[www.bitcoinlives.app/fonts/flag-icon-css/flags/1x1/pa.svg]
[www.bitcoinlives.app/fonts/flag-icon-css/flags/4x3/pe.svg]
[www.bitcoinlives.app/fonts/flag-icon-css/flags/1x1/pe.svg]
[www.bitcoinlives.app/fonts/flag-icon-css/flags/4x3/pf.svg]
[www.bitcoinlives.app/fonts/flag-icon-css/flags/1x1/pf.svg]
[www.bitcoinlives.app/fonts/flag-icon-css/flags/4x3/pg.svg]
[www.bitcoinlives.app/fonts/flag-icon-css/flags/1x1/pg.svg]
[www.bitcoinlives.app/fonts/flag-icon-css/flags/4x3/ph.svg]
[www.bitcoinlives.app/fonts/flag-icon-css/flags/1x1/ph.svg]
[www.bitcoinlives.app/fonts/flag-icon-css/flags/4x3/pk.svg]
[www.bitcoinlives.app/fonts/flag-icon-css/flags/1x1/pk.svg]
[www.bitcoinlives.app/fonts/flag-icon-css/flags/4x3/pl.svg]
[www.bitcoinlives.app/fonts/flag-icon-css/flags/1x1/pl.svg]
[www.bitcoinlives.app/fonts/flag-icon-css/flags/4x3/pm.svg]
[www.bitcoinlives.app/fonts/flag-icon-css/flags/1x1/pm.svg]
[www.bitcoinlives.app/fonts/flag-icon-css/flags/4x3/pn.svg]
[www.bitcoinlives.app/fonts/flag-icon-css/flags/1x1/pn.svg]
[www.bitcoinlives.app/fonts/flag-icon-css/flags/4x3/pr.svg]
[www.bitcoinlives.app/fonts/flag-icon-css/flags/1x1/pr.svg]
[www.bitcoinlives.app/fonts/flag-icon-css/flags/4x3/ps.svg]
[www.bitcoinlives.app/fonts/flag-icon-css/flags/1x1/ps.svg]
[www.bitcoinlives.app/fonts/flag-icon-css/flags/4x3/pt.svg]
[www.bitcoinlives.app/fonts/flag-icon-css/flags/1x1/pt.svg]
[www.bitcoinlives.app/fonts/flag-icon-css/flags/4x3/pw.svg]
[www.bitcoinlives.app/fonts/flag-icon-css/flags/1x1/pw.svg]
[www.bitcoinlives.app/fonts/flag-icon-css/flags/4x3/py.svg]
[www.bitcoinlives.app/fonts/flag-icon-css/flags/1x1/py.svg]
[www.bitcoinlives.app/fonts/flag-icon-css/flags/4x3/qa.svg]
[www.bitcoinlives.app/fonts/flag-icon-css/flags/1x1/qa.svg]
[www.bitcoinlives.app/fonts/flag-icon-css/flags/4x3/re.svg]
[www.bitcoinlives.app/fonts/flag-icon-css/flags/1x1/re.svg]
[www.bitcoinlives.app/fonts/flag-icon-css/flags/4x3/ro.svg]
[www.bitcoinlives.app/fonts/flag-icon-css/flags/1x1/ro.svg]
[www.bitcoinlives.app/fonts/flag-icon-css/flags/4x3/rs.svg]
[www.bitcoinlives.app/fonts/flag-icon-css/flags/1x1/rs.svg]
[www.bitcoinlives.app/fonts/flag-icon-css/flags/4x3/ru.svg]
[www.bitcoinlives.app/fonts/flag-icon-css/flags/1x1/ru.svg]
[www.bitcoinlives.app/fonts/flag-icon-css/flags/4x3/rw.svg]
[www.bitcoinlives.app/fonts/flag-icon-css/flags/1x1/rw.svg]
[www.bitcoinlives.app/fonts/flag-icon-css/flags/4x3/sa.svg]
[www.bitcoinlives.app/fonts/flag-icon-css/flags/1x1/sa.svg]
[www.bitcoinlives.app/fonts/flag-icon-css/flags/4x3/sb.svg]
[www.bitcoinlives.app/fonts/flag-icon-css/flags/1x1/sb.svg]
[www.bitcoinlives.app/fonts/flag-icon-css/flags/4x3/sc.svg]
[www.bitcoinlives.app/fonts/flag-icon-css/flags/1x1/sc.svg]
[www.bitcoinlives.app/fonts/flag-icon-css/flags/4x3/sd.svg]
[www.bitcoinlives.app/fonts/flag-icon-css/flags/1x1/sd.svg]
[www.bitcoinlives.app/fonts/flag-icon-css/flags/4x3/se.svg]
[www.bitcoinlives.app/fonts/flag-icon-css/flags/1x1/se.svg]
[www.bitcoinlives.app/fonts/flag-icon-css/flags/4x3/sg.svg]
[www.bitcoinlives.app/fonts/flag-icon-css/flags/1x1/sg.svg]
[www.bitcoinlives.app/fonts/flag-icon-css/flags/4x3/sh.svg]
[www.bitcoinlives.app/fonts/flag-icon-css/flags/1x1/sh.svg]
[www.bitcoinlives.app/fonts/flag-icon-css/flags/4x3/si.svg]
[www.bitcoinlives.app/fonts/flag-icon-css/flags/1x1/si.svg]
[www.bitcoinlives.app/fonts/flag-icon-css/flags/4x3/sj.svg]
[www.bitcoinlives.app/fonts/flag-icon-css/flags/1x1/sj.svg]
[www.bitcoinlives.app/fonts/flag-icon-css/flags/4x3/sk.svg]
[www.bitcoinlives.app/fonts/flag-icon-css/flags/1x1/sk.svg]
[www.bitcoinlives.app/fonts/flag-icon-css/flags/4x3/sl.svg]
[www.bitcoinlives.app/fonts/flag-icon-css/flags/1x1/sl.svg]
[www.bitcoinlives.app/fonts/flag-icon-css/flags/4x3/sm.svg]
[www.bitcoinlives.app/fonts/flag-icon-css/flags/1x1/sm.svg]
[www.bitcoinlives.app/fonts/flag-icon-css/flags/4x3/sn.svg]
[www.bitcoinlives.app/fonts/flag-icon-css/flags/1x1/sn.svg]
[www.bitcoinlives.app/fonts/flag-icon-css/flags/4x3/so.svg]
[www.bitcoinlives.app/fonts/flag-icon-css/flags/1x1/so.svg]
[www.bitcoinlives.app/fonts/flag-icon-css/flags/4x3/sr.svg]
[www.bitcoinlives.app/fonts/flag-icon-css/flags/1x1/sr.svg]
[www.bitcoinlives.app/fonts/flag-icon-css/flags/4x3/ss.svg]
[www.bitcoinlives.app/fonts/flag-icon-css/flags/1x1/ss.svg]
[www.bitcoinlives.app/fonts/flag-icon-css/flags/4x3/st.svg]
[www.bitcoinlives.app/fonts/flag-icon-css/flags/1x1/st.svg]
[www.bitcoinlives.app/fonts/flag-icon-css/flags/4x3/sv.svg]
[www.bitcoinlives.app/fonts/flag-icon-css/flags/1x1/sv.svg]
[www.bitcoinlives.app/fonts/flag-icon-css/flags/4x3/sx.svg]
[www.bitcoinlives.app/fonts/flag-icon-css/flags/1x1/sx.svg]
[www.bitcoinlives.app/fonts/flag-icon-css/flags/4x3/sy.svg]
[www.bitcoinlives.app/fonts/flag-icon-css/flags/1x1/sy.svg]
[www.bitcoinlives.app/fonts/flag-icon-css/flags/4x3/sz.svg]
[www.bitcoinlives.app/fonts/flag-icon-css/flags/1x1/sz.svg]
[www.bitcoinlives.app/fonts/flag-icon-css/flags/4x3/tc.svg]
[www.bitcoinlives.app/fonts/flag-icon-css/flags/1x1/tc.svg]
[www.bitcoinlives.app/fonts/flag-icon-css/flags/4x3/td.svg]
[www.bitcoinlives.app/fonts/flag-icon-css/flags/1x1/td.svg]
[www.bitcoinlives.app/fonts/flag-icon-css/flags/4x3/tf.svg]
[www.bitcoinlives.app/fonts/flag-icon-css/flags/1x1/tf.svg]
[www.bitcoinlives.app/fonts/flag-icon-css/flags/4x3/tg.svg]
[www.bitcoinlives.app/fonts/flag-icon-css/flags/1x1/tg.svg]
[www.bitcoinlives.app/fonts/flag-icon-css/flags/4x3/th.svg]
[www.bitcoinlives.app/fonts/flag-icon-css/flags/1x1/th.svg]
[www.bitcoinlives.app/fonts/flag-icon-css/flags/4x3/tj.svg]
[www.bitcoinlives.app/fonts/flag-icon-css/flags/1x1/tj.svg]
[www.bitcoinlives.app/fonts/flag-icon-css/flags/4x3/tk.svg]
[www.bitcoinlives.app/fonts/flag-icon-css/flags/1x1/tk.svg]
[www.bitcoinlives.app/fonts/flag-icon-css/flags/4x3/tl.svg]
[www.bitcoinlives.app/fonts/flag-icon-css/flags/1x1/tl.svg]
[www.bitcoinlives.app/fonts/flag-icon-css/flags/4x3/tm.svg]
[www.bitcoinlives.app/fonts/flag-icon-css/flags/1x1/tm.svg]
[www.bitcoinlives.app/fonts/flag-icon-css/flags/4x3/tn.svg]
[www.bitcoinlives.app/fonts/flag-icon-css/flags/1x1/tn.svg]
[www.bitcoinlives.app/fonts/flag-icon-css/flags/4x3/to.svg]
[www.bitcoinlives.app/fonts/flag-icon-css/flags/1x1/to.svg]
[www.bitcoinlives.app/fonts/flag-icon-css/flags/4x3/tr.svg]
[www.bitcoinlives.app/fonts/flag-icon-css/flags/1x1/tr.svg]
[www.bitcoinlives.app/fonts/flag-icon-css/flags/4x3/tt.svg]
[www.bitcoinlives.app/fonts/flag-icon-css/flags/1x1/tt.svg]
[www.bitcoinlives.app/fonts/flag-icon-css/flags/4x3/tv.svg]
[www.bitcoinlives.app/fonts/flag-icon-css/flags/1x1/tv.svg]
[www.bitcoinlives.app/fonts/flag-icon-css/flags/4x3/tw.svg]
[www.bitcoinlives.app/fonts/flag-icon-css/flags/1x1/tw.svg]
[www.bitcoinlives.app/fonts/flag-icon-css/flags/4x3/tz.svg]
[www.bitcoinlives.app/fonts/flag-icon-css/flags/1x1/tz.svg]
[www.bitcoinlives.app/fonts/flag-icon-css/flags/4x3/ua.svg]
[www.bitcoinlives.app/fonts/flag-icon-css/flags/1x1/ua.svg]
[www.bitcoinlives.app/fonts/flag-icon-css/flags/4x3/ug.svg]
[www.bitcoinlives.app/fonts/flag-icon-css/flags/1x1/ug.svg]
[www.bitcoinlives.app/fonts/flag-icon-css/flags/4x3/um.svg]
[www.bitcoinlives.app/fonts/flag-icon-css/flags/1x1/um.svg]
[www.bitcoinlives.app/fonts/flag-icon-css/flags/4x3/us.svg]
[www.bitcoinlives.app/fonts/flag-icon-css/flags/1x1/us.svg]
[www.bitcoinlives.app/fonts/flag-icon-css/flags/4x3/uy.svg]
[www.bitcoinlives.app/fonts/flag-icon-css/flags/1x1/uy.svg]
[www.bitcoinlives.app/fonts/flag-icon-css/flags/4x3/uz.svg]
[www.bitcoinlives.app/fonts/flag-icon-css/flags/1x1/uz.svg]
[www.bitcoinlives.app/fonts/flag-icon-css/flags/4x3/va.svg]
[www.bitcoinlives.app/fonts/flag-icon-css/flags/1x1/va.svg]
[www.bitcoinlives.app/fonts/flag-icon-css/flags/4x3/vc.svg]
[www.bitcoinlives.app/fonts/flag-icon-css/flags/1x1/vc.svg]
[www.bitcoinlives.app/fonts/flag-icon-css/flags/4x3/ve.svg]
[www.bitcoinlives.app/fonts/flag-icon-css/flags/1x1/ve.svg]
[www.bitcoinlives.app/fonts/flag-icon-css/flags/4x3/vg.svg]
[www.bitcoinlives.app/fonts/flag-icon-css/flags/1x1/vg.svg]
[www.bitcoinlives.app/fonts/flag-icon-css/flags/4x3/vi.svg]
[www.bitcoinlives.app/fonts/flag-icon-css/flags/1x1/vi.svg]
[www.bitcoinlives.app/fonts/flag-icon-css/flags/4x3/vn.svg]
[www.bitcoinlives.app/fonts/flag-icon-css/flags/1x1/vn.svg]
[www.bitcoinlives.app/fonts/flag-icon-css/flags/4x3/vu.svg]
[www.bitcoinlives.app/fonts/flag-icon-css/flags/1x1/vu.svg]
[www.bitcoinlives.app/fonts/flag-icon-css/flags/4x3/wf.svg]
[www.bitcoinlives.app/fonts/flag-icon-css/flags/1x1/wf.svg]
[www.bitcoinlives.app/fonts/flag-icon-css/flags/4x3/ws.svg]
[www.bitcoinlives.app/fonts/flag-icon-css/flags/1x1/ws.svg]
[www.bitcoinlives.app/fonts/flag-icon-css/flags/4x3/ye.svg]
[www.bitcoinlives.app/fonts/flag-icon-css/flags/1x1/ye.svg]
[www.bitcoinlives.app/fonts/flag-icon-css/flags/4x3/yt.svg]
[www.bitcoinlives.app/fonts/flag-icon-css/flags/1x1/yt.svg]
[www.bitcoinlives.app/fonts/flag-icon-css/flags/4x3/za.svg]
[www.bitcoinlives.app/fonts/flag-icon-css/flags/1x1/za.svg]
[www.bitcoinlives.app/fonts/flag-icon-css/flags/4x3/zm.svg]
[www.bitcoinlives.app/fonts/flag-icon-css/flags/1x1/zm.svg]
[www.bitcoinlives.app/fonts/flag-icon-css/flags/4x3/zw.svg]
[www.bitcoinlives.app/fonts/flag-icon-css/flags/1x1/zw.svg]
[www.bitcoinlives.app/fonts/flag-icon-css/flags/4x3/eu.svg]
[www.bitcoinlives.app/fonts/flag-icon-css/flags/1x1/eu.svg]
[www.bitcoinlives.app/fonts/flag-icon-css/flags/4x3/gb-eng.svg]
[www.bitcoinlives.app/fonts/flag-icon-css/flags/1x1/gb-eng.svg]
[www.bitcoinlives.app/fonts/flag-icon-css/flags/4x3/gb-sct.svg]
[www.bitcoinlives.app/fonts/flag-icon-css/flags/1x1/gb-sct.svg]
[www.bitcoinlives.app/fonts/flag-icon-css/flags/4x3/gb-wls.svg]
[www.bitcoinlives.app/fonts/flag-icon-css/flags/1x1/gb-wls.svg]
[www.bitcoinlives.app/You must include the utils.js file before tether.html]
[www.bitcoinlives.app/cpabuild.com/public/external/locker.js]
[www.bitcoinlives.app/css/fonts/font-awesome/css/fontawesome-webfont3e6e3e6e.html]
[www.bitcoinlives.app/css/fonts/font-awesome/css/fontawesome-webfontd41dd41d.html]
[www.bitcoinlives.app/css/fonts/font-awesome/css/fontawesome-webfont3e6e.html]
[www.bitcoinlives.app/css/fonts/font-awesome/css/fontawesome-webfont3e6e-2.html]
